###############################################################################
#
# IAR ELF Linker V7.40.2.8542/W32 for ARM                 15/May/2015  10:36:01
# Copyright 2007-2015 IAR Systems AB.
#
#    Output file  =  
#        C:\Users\Administrador\Documents\GitHub\lmic\examples
#        EFM32\hello\Debug\Exe\hello.out
#    Map file     =  
#        C:\Users\Administrador\Documents\GitHub\lmic\examples
#        EFM32\hello\Debug\List\hello.map
#    Command line =  
#        "C:\Users\Administrador\Documents\GitHub\lmic\examples
#        EFM32\hello\Debug\Obj\aes.o"
#        "C:\Users\Administrador\Documents\GitHub\lmic\examples
#        EFM32\hello\Debug\Obj\debug.o"
#        "C:\Users\Administrador\Documents\GitHub\lmic\examples
#        EFM32\hello\Debug\Obj\hal.o"
#        "C:\Users\Administrador\Documents\GitHub\lmic\examples
#        EFM32\hello\Debug\Obj\hw.o"
#        "C:\Users\Administrador\Documents\GitHub\lmic\examples
#        EFM32\hello\Debug\Obj\lmic.o"
#        "C:\Users\Administrador\Documents\GitHub\lmic\examples
#        EFM32\hello\Debug\Obj\main.o"
#        "C:\Users\Administrador\Documents\GitHub\lmic\examples
#        EFM32\hello\Debug\Obj\oslmic.o"
#        "C:\Users\Administrador\Documents\GitHub\lmic\examples
#        EFM32\hello\Debug\Obj\radio.o"
#        "C:\Users\Administrador\Documents\GitHub\lmic\examples
#        EFM32\hello\Debug\Obj\startup_stm32l1xx_md_iar.o"
#        "C:\Users\Administrador\Documents\GitHub\lmic\examples
#        EFM32\hello\Debug\Obj\system_stm32l1xx.o" -o
#        "C:\Users\Administrador\Documents\GitHub\lmic\examples
#        EFM32\hello\Debug\Exe\hello.out" --map
#        "C:\Users\Administrador\Documents\GitHub\lmic\examples
#        EFM32\hello\Debug\List\hello.map" --config "C:\Program Files (x86)\IAR
#        Systems\Embedded Workbench 7.2\arm\config\linker\ST\stm32l152xB.icf"
#        --semihosting --entry __iar_program_start --redirect
#        __iar_sh_stdout=__iar_sh_stdout_swo --vfe
#
###############################################################################

*******************************************************************************
*** RUNTIME MODEL ATTRIBUTES
***

CppFlavor       = *
__SystemLibrary = DLib


*******************************************************************************
*** PLACEMENT SUMMARY
***

"A1":  place at 0x08000000 { ro section .intvec };
"P1":  place in [from 0x08000000 to 0x0801ffff] { ro };
"P2":  place in [from 0x20000000 to 0x20003fff] { rw, block CSTACK, block HEAP };

  Section          Kind        Address    Size  Object
  -------          ----        -------    ----  ------
"A1":                                     0xf4
  .intvec          ro code  0x08000000    0xf4  startup_stm32l1xx_md_iar.o [1]
                          - 0x080000f4    0xf4

"P1":                                   0x11a4
  .text            ro code  0x080000f4   0x450  radio.o [1]
  .text            ro code  0x08000544   0x424  hal.o [1]
  .text            ro code  0x08000968     0x6  radio.o [1]
  .text            ro code  0x0800096e     0x8  radio.o [1]
  .text            ro code  0x08000976     0x8  radio.o [1]
  .text            ro code  0x0800097e     0x8  radio.o [1]
  .text            ro code  0x08000986     0x8  radio.o [1]
  .text            ro code  0x0800098e    0x22  zero_init3.o [4]
  .text            ro code  0x080009b0    0xee  I64DivMod.o [4]
  .text            ro code  0x08000aa0   0x140  oslmic.o [1]
  .text            ro code  0x08000be0   0x19c  hw.o [1]
  .text            ro code  0x08000d7c    0x66  ABImemset.o [4]
  .text            ro code  0x08000de4     0x2  I64DivZer.o [4]
  .text            ro code  0x08000de8    0x10  lmic.o [1]
  .text            ro code  0x08000df8   0x170  system_stm32l1xx.o [1]
  .text            ro code  0x08000f68    0xf8  debug.o [1]
  .text            ro code  0x08001060    0x68  main.o [1]
  .rodata          const    0x080010c8    0x30  debug.o [1]
  .text            ro code  0x080010f8    0x28  data_init.o [4]
  .iar.init_table  const    0x08001120    0x10  - Linker created -
  .text            ro code  0x08001130    0x1a  cmain.o [4]
  .text            ro code  0x0800114a     0x4  low_level_init.o [3]
  .text            ro code  0x0800114e     0x4  exit.o [3]
  .text            ro code  0x08001154     0xa  cexit.o [4]
  .text            ro code  0x08001160    0x14  exit.o [5]
  .rodata          const    0x08001174    0x14  debug.o [1]
  .rodata          const    0x08001188    0x10  main.o [1]
  .rodata          const    0x08001198    0x10  radio.o [1]
  .text            ro code  0x080011a8    0x10  startup_stm32l1xx_md_iar.o [1]
  .text            ro code  0x080011b8     0xc  cstartup_M.o [4]
  .rodata          const    0x080011c4     0x8  hal.o [1]
  .rodata          const    0x080011cc     0x8  hal.o [1]
  .rodata          const    0x080011d4     0x8  main.o [1]
  .rodata          const    0x080011dc     0x4  radio.o [1]
  .text            ro code  0x080011e0     0x4  startup_stm32l1xx_md_iar.o [1]
  .text            ro code  0x080011e4     0x4  startup_stm32l1xx_md_iar.o [1]
  .text            ro code  0x080011e8     0x4  startup_stm32l1xx_md_iar.o [1]
  .text            ro code  0x080011ec     0x4  startup_stm32l1xx_md_iar.o [1]
  .text            ro code  0x080011f0     0x4  startup_stm32l1xx_md_iar.o [1]
  .text            ro code  0x080011f4     0x4  startup_stm32l1xx_md_iar.o [1]
  .text            ro code  0x080011f8     0x4  startup_stm32l1xx_md_iar.o [1]
  .text            ro code  0x080011fc     0x4  startup_stm32l1xx_md_iar.o [1]
  .text            ro code  0x08001200     0x4  startup_stm32l1xx_md_iar.o [1]
  .text            ro code  0x08001204     0x4  startup_stm32l1xx_md_iar.o [1]
  .text            ro code  0x08001208     0x4  startup_stm32l1xx_md_iar.o [1]
  .text            ro code  0x0800120c     0x4  startup_stm32l1xx_md_iar.o [1]
  .text            ro code  0x08001210     0x4  startup_stm32l1xx_md_iar.o [1]
  .text            ro code  0x08001214     0x4  startup_stm32l1xx_md_iar.o [1]
  .text            ro code  0x08001218     0x4  startup_stm32l1xx_md_iar.o [1]
  .text            ro code  0x0800121c     0x4  startup_stm32l1xx_md_iar.o [1]
  .text            ro code  0x08001220     0x4  startup_stm32l1xx_md_iar.o [1]
  .text            ro code  0x08001224     0x4  startup_stm32l1xx_md_iar.o [1]
  .text            ro code  0x08001228     0x4  startup_stm32l1xx_md_iar.o [1]
  .text            ro code  0x0800122c     0x4  startup_stm32l1xx_md_iar.o [1]
  .text            ro code  0x08001230     0x4  startup_stm32l1xx_md_iar.o [1]
  .text            ro code  0x08001234     0x4  startup_stm32l1xx_md_iar.o [1]
  .text            ro code  0x08001238     0x4  startup_stm32l1xx_md_iar.o [1]
  .text            ro code  0x0800123c     0x4  startup_stm32l1xx_md_iar.o [1]
  .text            ro code  0x08001240     0x4  startup_stm32l1xx_md_iar.o [1]
  .text            ro code  0x08001244     0x4  startup_stm32l1xx_md_iar.o [1]
  .text            ro code  0x08001248     0x4  startup_stm32l1xx_md_iar.o [1]
  .text            ro code  0x0800124c     0x4  startup_stm32l1xx_md_iar.o [1]
  .text            ro code  0x08001250     0x4  startup_stm32l1xx_md_iar.o [1]
  .text            ro code  0x08001254     0x4  startup_stm32l1xx_md_iar.o [1]
  .text            ro code  0x08001258     0x4  startup_stm32l1xx_md_iar.o [1]
  .text            ro code  0x0800125c     0x4  startup_stm32l1xx_md_iar.o [1]
  .text            ro code  0x08001260     0x4  startup_stm32l1xx_md_iar.o [1]
  .text            ro code  0x08001264     0x4  startup_stm32l1xx_md_iar.o [1]
  .text            ro code  0x08001268     0x4  startup_stm32l1xx_md_iar.o [1]
  .text            ro code  0x0800126c     0x4  startup_stm32l1xx_md_iar.o [1]
  .text            ro code  0x08001270     0x4  startup_stm32l1xx_md_iar.o [1]
  .text            ro code  0x08001274     0x4  startup_stm32l1xx_md_iar.o [1]
  .text            ro code  0x08001278     0x4  startup_stm32l1xx_md_iar.o [1]
  .text            ro code  0x0800127c     0x4  startup_stm32l1xx_md_iar.o [1]
  .text            ro code  0x08001280     0x4  startup_stm32l1xx_md_iar.o [1]
  .text            ro code  0x08001284     0x4  startup_stm32l1xx_md_iar.o [1]
  .text            ro code  0x08001288     0x4  startup_stm32l1xx_md_iar.o [1]
  .text            ro code  0x0800128c     0x4  startup_stm32l1xx_md_iar.o [1]
  .text            ro code  0x08001290     0x4  startup_stm32l1xx_md_iar.o [1]
  .text            ro code  0x08001294     0x4  startup_stm32l1xx_md_iar.o [1]
  .rodata          const    0x08001298     0x0  zero_init3.o [4]
                          - 0x08001298  0x11a4

"P2":                                    0x9d0
  .bss             zero     0x20000000   0x1a8  lmic.o [1]
  .bss             zero     0x200001a8    0x10  radio.o [1]
  .bss             zero     0x200001b8     0x8  hal.o [1]
  .bss             zero     0x200001c0     0x8  oslmic.o [1]
  .bss             zero     0x200001c8     0x4  main.o [1]
  CSTACK                    0x200001d0   0x800  <Block>
    CSTACK         uninit   0x200001d0   0x800  <Block tail>
                          - 0x200009d0   0x9d0


*******************************************************************************
*** INIT TABLE
***

          Address     Size
          -------     ----
Zero (__iar_zero_init3)
    1 destination range, total size 0x1cc:
          0x20000000  0x1cc



*******************************************************************************
*** MODULE SUMMARY
***

    Module                      ro code  ro data  rw data
    ------                      -------  -------  -------
C:\Users\Administrador\Documents\GitHub\lmic\examples EFM32\hello\Debug\Obj: [1]
    debug.o                         248       68
    hal.o                         1 060       16        8
    hw.o                            412
    lmic.o                           16               424
    main.o                          104       24        4
    oslmic.o                        320                 8
    radio.o                       1 142       20       16
    startup_stm32l1xx_md_iar.o      444
    system_stm32l1xx.o              368
    -----------------------------------------------------
    Total:                        4 114      128      460

command line: [2]
    -----------------------------------------------------
    Total:

dl7M_tln.a: [3]
    exit.o                            4
    low_level_init.o                  4
    -----------------------------------------------------
    Total:                            8

rt7M_tl.a: [4]
    ABImemset.o                     102
    I64DivMod.o                     238
    I64DivZer.o                       2
    cexit.o                          10
    cmain.o                          26
    cstartup_M.o                     12
    data_init.o                      40
    zero_init3.o                     34
    -----------------------------------------------------
    Total:                          464

shb_l.a: [5]
    exit.o                           20
    -----------------------------------------------------
    Total:                           20

    Gaps                             10
    Linker created                            16    2 048
---------------------------------------------------------
    Grand Total:                  4 616      144    2 508


*******************************************************************************
*** ENTRY LIST
***

Entry                      Address   Size  Type      Object
-----                      -------   ----  ----      ------
.iar.init_table$$Base   0x08001120          --   Gb  - Linker created -
.iar.init_table$$Limit  0x08001130          --   Gb  - Linker created -
?main                   0x08001131         Code  Gb  cmain.o [4]
CSTACK$$Base            0x200001d0          --   Gb  - Linker created -
CSTACK$$Limit           0x200009d0          --   Gb  - Linker created -
EXTI0_IRQHandler        0x080006b5    0x8  Code  Gb  hal.o [1]
EXTI15_10_IRQHandler    0x080006e5    0x8  Code  Gb  hal.o [1]
EXTI1_IRQHandler        0x080006bd    0x8  Code  Gb  hal.o [1]
EXTI2_IRQHandler        0x080006c5    0x8  Code  Gb  hal.o [1]
EXTI3_IRQHandler        0x080006cd    0x8  Code  Gb  hal.o [1]
EXTI4_IRQHandler        0x080006d5    0x8  Code  Gb  hal.o [1]
EXTI9_5_IRQHandler      0x080006dd    0x8  Code  Gb  hal.o [1]
EXTI_IRQHandler         0x08000671   0x44  Code  Gb  hal.o [1]
HAL                     0x200001b8    0x8  Data  Lc  hal.o [1]
LMIC                    0x20000000  0x1a8  Data  Gb  lmic.o [1]
LMIC_init               0x08000de9    0xa  Code  Gb  lmic.o [1]
LORA_RXDONE_FIXUP       0x08001198   0x10  Data  Lc  radio.o [1]
OS                      0x200001c0    0x8  Data  Lc  oslmic.o [1]
Region$$Table$$Base     0x08001120          --   Gb  - Linker created -
Region$$Table$$Limit    0x08001130          --   Gb  - Linker created -
SetSysClock             0x08000e4b   0xf2  Code  Lc  system_stm32l1xx.o [1]
SystemInit              0x08000df9   0x52  Code  Gb  system_stm32l1xx.o [1]
TIM9_IRQHandler         0x08000875   0x26  Code  Gb  hal.o [1]
__aeabi_ldiv0           0x08000de5         Code  Gb  I64DivZer.o [4]
__aeabi_memset          0x08000d7d         Code  Gb  ABImemset.o [4]
__aeabi_uldivmod        0x080009b1         Code  Gb  I64DivMod.o [4]
__cmain                 0x08001131         Code  Gb  cmain.o [4]
__exit                  0x08001161   0x14  Code  Gb  exit.o [5]
__iar_Memset            0x08000d7d         Code  Gb  ABImemset.o [4]
__iar_Memset_word       0x08000d85         Code  Gb  ABImemset.o [4]
__iar_data_init3        0x080010f9   0x28  Code  Gb  data_init.o [4]
__iar_program_start     0x080011b9         Code  Gb  cstartup_M.o [4]
__iar_zero_init3        0x0800098f   0x22  Code  Gb  zero_init3.o [4]
__low_level_init        0x0800114b    0x4  Code  Gb  low_level_init.o [3]
__vector_table          0x08000000         Data  Gb  startup_stm32l1xx_md_iar.o [1]
_call_main              0x0800113d         Code  Gb  cmain.o [4]
_exit                   0x08001155         Code  Gb  cexit.o [4]
_main                   0x08001147         Code  Gb  cmain.o [4]
cnt                     0x200001c8    0x4  Data  Lc  main.o [1]
configChannel           0x0800025f   0x44  Code  Lc  radio.o [1]
configLoraModem         0x080001a3   0xbc  Code  Lc  radio.o [1]
debug_char              0x08000fbf   0x10  Code  Gb  debug.o [1]
debug_hex               0x08000fcf   0x20  Code  Gb  debug.o [1]
debug_init              0x08000f69   0x44  Code  Gb  debug.o [1]
debug_led               0x08000fad   0x12  Code  Gb  debug.o [1]
debug_str               0x0800100b   0x16  Code  Gb  debug.o [1]
debug_uint              0x08000fef   0x1c  Code  Gb  debug.o [1]
debug_val               0x08001021   0x20  Code  Gb  debug.o [1]
deltaticks              0x080007e5   0x26  Code  Lc  hal.o [1]
exit                    0x0800114f    0x4  Code  Gb  exit.o [3]
getBw                   0x0800096f    0x8  Code  Gb  radio.o [1]
getCr                   0x08000977    0x8  Code  Gb  radio.o [1]
getIh                   0x08000987    0x8  Code  Gb  radio.o [1]
getNocrc                0x0800097f    0x8  Code  Gb  radio.o [1]
getSf                   0x08000969    0x6  Code  Gb  radio.o [1]
hal_checkTimer          0x0800081b   0x5a  Code  Gb  hal.o [1]
hal_disableIRQs         0x0800089b    0xe  Code  Gb  hal.o [1]
hal_enableIRQs          0x080008a9   0x16  Code  Gb  hal.o [1]
hal_failed              0x0800095d    0xc  Code  Gb  hal.o [1]
hal_init                0x080008cf   0x28  Code  Gb  hal.o [1]
hal_io_init             0x08000545   0xb2  Code  Lc  hal.o [1]
hal_pin_nss             0x08000627   0x12  Code  Gb  hal.o [1]
hal_pin_rst             0x08000639   0x38  Code  Gb  hal.o [1]
hal_pin_rxtx            0x080005f7   0x30  Code  Gb  hal.o [1]
hal_sleep               0x080008bf   0x10  Code  Gb  hal.o [1]
hal_spi                 0x08000729   0x18  Code  Gb  hal.o [1]
hal_spi_init            0x080006ed   0x3c  Code  Lc  hal.o [1]
hal_ticks               0x080007bb   0x2a  Code  Gb  hal.o [1]
hal_time_init           0x08000741   0x7a  Code  Lc  hal.o [1]
hal_waitUntil           0x0800080b   0x10  Code  Gb  hal.o [1]
hw_cfg_extirq           0x08000c89   0xd8  Code  Gb  hw.o [1]
hw_cfg_pin              0x08000be1   0x8e  Code  Gb  hw.o [1]
hw_set_pin              0x08000c6f   0x1a  Code  Gb  hw.o [1]
initfunc                0x08001061   0x3c  Code  Lc  main.o [1]
inputpins               0x080011cc    0x8  Data  Lc  hal.o [1]
main                    0x0800109d   0x1a  Code  Gb  main.o [1]
opmode                  0x08000177   0x1c  Code  Lc  radio.o [1]
opmodeLora              0x08000193   0x10  Code  Lc  radio.o [1]
os_clearCallback        0x08000ae7   0x2e  Code  Gb  oslmic.o [1]
os_getTime              0x08000ac1    0x8  Code  Gb  oslmic.o [1]
os_init                 0x08000aa1   0x20  Code  Gb  oslmic.o [1]
os_runloop              0x08000b81   0x56  Code  Gb  oslmic.o [1]
os_setCallback          0x08000b15   0x2c  Code  Gb  oslmic.o [1]
os_setTimedCallback     0x08000b41   0x40  Code  Gb  oslmic.o [1]
outputpins              0x080011c4    0x8  Data  Lc  hal.o [1]
radio_init              0x08000359   0xa0  Code  Gb  radio.o [1]
radio_irq_handler       0x080003f9  0x12c  Code  Gb  radio.o [1]
randbuf                 0x200001a8   0x10  Data  Lc  radio.o [1]
readBuf                 0x08000141   0x36  Code  Lc  radio.o [1]
readReg                 0x0800011b   0x26  Code  Lc  radio.o [1]
rxlora                  0x080002a3   0xb6  Code  Lc  radio.o [1]
rxlorairqmask           0x080011dc    0x4  Data  Lc  radio.o [1]
unlinkjob               0x08000ac9   0x1e  Code  Lc  oslmic.o [1]
writeReg                0x080000f5   0x26  Code  Lc  radio.o [1]


[1] = C:\Users\Administrador\Documents\GitHub\lmic\examples EFM32\hello\Debug\Obj
[2] = command line
[3] = dl7M_tln.a
[4] = rt7M_tl.a
[5] = shb_l.a

  4 616 bytes of readonly  code memory
    144 bytes of readonly  data memory
  2 508 bytes of readwrite data memory

Errors: none
Warnings: none
