###############################################################################
#                                                                             #
# IAR ELF Linker V6.50.5.4819/W32 for ARM               18/Feb/2015  17:14:53 #
# Copyright 2007-2013 IAR Systems AB.                                         #
#                                                                             #
#    Output file  =  C:\Users\Administrador\Documents\GitHub\lmic\examples    #
#                    EFM32\ping\Debug\Exe\ping.out                            #
#    Map file     =  C:\Users\Administrador\Documents\GitHub\lmic\examples    #
#                    EFM32\ping\Debug\List\ping.map                           #
#    Command line =  "C:\Users\Administrador\Documents\GitHub\lmic\examples   #
#                    EFM32\ping\Debug\Obj\aes.o"                              #
#                    "C:\Users\Administrador\Documents\GitHub\lmic\examples   #
#                    EFM32\ping\Debug\Obj\em_acmp.o"                          #
#                    "C:\Users\Administrador\Documents\GitHub\lmic\examples   #
#                    EFM32\ping\Debug\Obj\em_adc.o"                           #
#                    "C:\Users\Administrador\Documents\GitHub\lmic\examples   #
#                    EFM32\ping\Debug\Obj\em_aes.o"                           #
#                    "C:\Users\Administrador\Documents\GitHub\lmic\examples   #
#                    EFM32\ping\Debug\Obj\em_assert.o"                        #
#                    "C:\Users\Administrador\Documents\GitHub\lmic\examples   #
#                    EFM32\ping\Debug\Obj\em_burtc.o"                         #
#                    "C:\Users\Administrador\Documents\GitHub\lmic\examples   #
#                    EFM32\ping\Debug\Obj\em_cmu.o"                           #
#                    "C:\Users\Administrador\Documents\GitHub\lmic\examples   #
#                    EFM32\ping\Debug\Obj\em_dac.o"                           #
#                    "C:\Users\Administrador\Documents\GitHub\lmic\examples   #
#                    EFM32\ping\Debug\Obj\em_dbg.o"                           #
#                    "C:\Users\Administrador\Documents\GitHub\lmic\examples   #
#                    EFM32\ping\Debug\Obj\em_dma.o"                           #
#                    "C:\Users\Administrador\Documents\GitHub\lmic\examples   #
#                    EFM32\ping\Debug\Obj\em_ebi.o"                           #
#                    "C:\Users\Administrador\Documents\GitHub\lmic\examples   #
#                    EFM32\ping\Debug\Obj\em_emu.o"                           #
#                    "C:\Users\Administrador\Documents\GitHub\lmic\examples   #
#                    EFM32\ping\Debug\Obj\em_gpio.o"                          #
#                    "C:\Users\Administrador\Documents\GitHub\lmic\examples   #
#                    EFM32\ping\Debug\Obj\em_i2c.o"                           #
#                    "C:\Users\Administrador\Documents\GitHub\lmic\examples   #
#                    EFM32\ping\Debug\Obj\em_idac.o"                          #
#                    "C:\Users\Administrador\Documents\GitHub\lmic\examples   #
#                    EFM32\ping\Debug\Obj\em_int.o"                           #
#                    "C:\Users\Administrador\Documents\GitHub\lmic\examples   #
#                    EFM32\ping\Debug\Obj\em_lcd.o"                           #
#                    "C:\Users\Administrador\Documents\GitHub\lmic\examples   #
#                    EFM32\ping\Debug\Obj\em_lesense.o"                       #
#                    "C:\Users\Administrador\Documents\GitHub\lmic\examples   #
#                    EFM32\ping\Debug\Obj\em_letimer.o"                       #
#                    "C:\Users\Administrador\Documents\GitHub\lmic\examples   #
#                    EFM32\ping\Debug\Obj\em_leuart.o"                        #
#                    "C:\Users\Administrador\Documents\GitHub\lmic\examples   #
#                    EFM32\ping\Debug\Obj\em_mpu.o"                           #
#                    "C:\Users\Administrador\Documents\GitHub\lmic\examples   #
#                    EFM32\ping\Debug\Obj\em_msc.o"                           #
#                    "C:\Users\Administrador\Documents\GitHub\lmic\examples   #
#                    EFM32\ping\Debug\Obj\em_opamp.o"                         #
#                    "C:\Users\Administrador\Documents\GitHub\lmic\examples   #
#                    EFM32\ping\Debug\Obj\em_pcnt.o"                          #
#                    "C:\Users\Administrador\Documents\GitHub\lmic\examples   #
#                    EFM32\ping\Debug\Obj\em_prs.o"                           #
#                    "C:\Users\Administrador\Documents\GitHub\lmic\examples   #
#                    EFM32\ping\Debug\Obj\em_rmu.o"                           #
#                    "C:\Users\Administrador\Documents\GitHub\lmic\examples   #
#                    EFM32\ping\Debug\Obj\em_rtc.o"                           #
#                    "C:\Users\Administrador\Documents\GitHub\lmic\examples   #
#                    EFM32\ping\Debug\Obj\em_system.o"                        #
#                    "C:\Users\Administrador\Documents\GitHub\lmic\examples   #
#                    EFM32\ping\Debug\Obj\em_timer.o"                         #
#                    "C:\Users\Administrador\Documents\GitHub\lmic\examples   #
#                    EFM32\ping\Debug\Obj\em_usart.o"                         #
#                    "C:\Users\Administrador\Documents\GitHub\lmic\examples   #
#                    EFM32\ping\Debug\Obj\em_vcmp.o"                          #
#                    "C:\Users\Administrador\Documents\GitHub\lmic\examples   #
#                    EFM32\ping\Debug\Obj\em_wdog.o"                          #
#                    "C:\Users\Administrador\Documents\GitHub\lmic\examples   #
#                    EFM32\ping\Debug\Obj\hal-efm32.o"                        #
#                    "C:\Users\Administrador\Documents\GitHub\lmic\examples   #
#                    EFM32\ping\Debug\Obj\lmic.o"                             #
#                    "C:\Users\Administrador\Documents\GitHub\lmic\examples   #
#                    EFM32\ping\Debug\Obj\main.o"                             #
#                    "C:\Users\Administrador\Documents\GitHub\lmic\examples   #
#                    EFM32\ping\Debug\Obj\oslmic.o"                           #
#                    "C:\Users\Administrador\Documents\GitHub\lmic\examples   #
#                    EFM32\ping\Debug\Obj\radio.o"                            #
#                    "C:\Users\Administrador\Documents\GitHub\lmic\examples   #
#                    EFM32\ping\Debug\Obj\rtcdrv.o"                           #
#                    "C:\Users\Administrador\Documents\GitHub\lmic\examples   #
#                    EFM32\ping\Debug\Obj\startup_efm32tg.o"                  #
#                    "C:\Users\Administrador\Documents\GitHub\lmic\examples   #
#                    EFM32\ping\Debug\Obj\system_efm32tg.o" -o                #
#                    "C:\Users\Administrador\Documents\GitHub\lmic\examples   #
#                    EFM32\ping\Debug\Exe\ping.out" --map                     #
#                    "C:\Users\Administrador\Documents\GitHub\lmic\examples   #
#                    EFM32\ping\Debug\List\ping.map" --config "C:\Program     #
#                    Files (x86)\IAR Systems\Embedded Workbench 6.0           #
#                    Kickstart\arm\config\linker\ST\stm32l152xB.icf"          #
#                    --semihosting --entry __iar_program_start --redirect     #
#                    __iar_sh_stdout=__iar_sh_stdout_swo --vfe                #
#                                                                             #
#                                                                             #
###############################################################################

*******************************************************************************
*** RUNTIME MODEL ATTRIBUTES
***

CppFlavor       = *
__SystemLibrary = DLib


*******************************************************************************
*** PLACEMENT SUMMARY
***

"A1":  place at 0x08000000 { ro section .intvec };
"P1":  place in [from 0x08000000 to 0x0801ffff] { ro };
"P2":  place in [from 0x20000000 to 0x20003fff] { rw, block CSTACK, block HEAP };

  Section            Kind        Address    Size  Object
  -------            ----        -------    ----  ------
"A1":                                       0x9c
  .intvec            ro code  0x08000000    0x9c  startup_efm32tg.o [1]
                            - 0x0800009c    0x9c

"P1":                                     0x6418
  .text              ro code  0x0800009c  0x2450  lmic.o [1]
  .text              ro code  0x080024ec    0x16  oslmic.o [1]
  .text              ro code  0x08002502    0x16  main.o [1]
  .text              ro code  0x08002518   0x9b4  aes.o [1]
  .text              ro code  0x08002ecc    0xd8  main.o [1]
  .text              ro code  0x08002fa4     0x6  radio.o [1]
  .text              ro code  0x08002faa     0x8  radio.o [1]
  .text              ro code  0x08002fb2     0x8  radio.o [1]
  .text              ro code  0x08002fba     0x8  radio.o [1]
  .text              ro code  0x08002fc2     0x8  radio.o [1]
  .text              ro code  0x08002fca    0x2e  copy_init3.o [4]
  .text              ro code  0x08002ff8   0x132  I64DivMod.o [4]
  .text              ro code  0x0800312a    0x22  zero_init3.o [4]
  .text              ro code  0x0800314c   0x650  radio.o [1]
  .text              ro code  0x0800379c   0x138  oslmic.o [1]
  .text              ro code  0x080038d4    0x12  lmic.o [1]
  .text              ro code  0x080038e6    0x12  lmic.o [1]
  .text              ro code  0x080038f8    0x16  lmic.o [1]
  .text              ro code  0x0800390e     0xe  lmic.o [1]
  .text              ro code  0x0800391c     0xa  lmic.o [1]
  .text              ro code  0x08003928   0x3a8  hal-efm32.o [1]
  .text              ro code  0x08003cd0    0x14  lmic.o [1]
  .text              ro code  0x08003ce4    0x1c  lmic.o [1]
  .text              ro code  0x08003d00    0x22  lmic.o [1]
  .text              ro code  0x08003d24    0x10  lmic.o [1]
  .text              ro code  0x08003d34    0x10  lmic.o [1]
  .text              ro code  0x08003d44    0x66  ABImemset.o [4]
  .text              ro code  0x08003dac    0x76  ABImemcpy.o [4]
  .text              ro code  0x08003e24     0x2  I64DivZer.o [4]
  .text              ro code  0x08003e28   0x11c  system_efm32tg.o [1]
  .text              ro code  0x08003f44   0x8f4  em_cmu.o [1]
  .text              ro code  0x08004838    0xe4  em_gpio.o [1]
  .text              ro code  0x0800491c   0x148  em_usart.o [1]
  .text              ro code  0x08004a64    0x84  em_rtc.o [1]
  .text              ro code  0x08004ae8   0x148  rtcdrv.o [1]
  .text              ro code  0x08004c30   0x164  em_emu.o [1]
  .rodata            const    0x08004d94   0x400  aes.o [1]
  .rodata            const    0x08005194   0x400  aes.o [1]
  .rodata            const    0x08005594   0x400  aes.o [1]
  .rodata            const    0x08005994   0x400  aes.o [1]
  .rodata            const    0x08005d94   0x200  lmic.o [1]
  .rodata            const    0x08005f94   0x100  aes.o [1]
  .text              ro code  0x08006094    0xb8  em_dma.o [1]
  .rodata            const    0x0800614c    0x30  hal-efm32.o [1]
  .rodata            const    0x0800617c    0x30  lmic.o [1]
  .rodata            const    0x080061ac    0x28  aes.o [1]
  .text              ro code  0x080061d4    0x28  data_init.o [4]
  .iar.init_table    const    0x080061fc    0x24  - Linker created -
  .rodata            const    0x08006220    0x20  lmic.o [1]
  .rodata            const    0x08006240    0x18  hal-efm32.o [1]
  .rodata            const    0x08006258    0x18  lmic.o [1]
  .text              ro code  0x08006270    0x16  cmain.o [4]
  .text              ro code  0x08006286     0x4  low_level_init.o [3]
  .text              ro code  0x0800628a     0x4  exit.o [3]
  .text              ro code  0x08006290     0xa  cexit.o [4]
  .text              ro code  0x0800629c    0x14  exit.o [5]
  .rodata            const    0x080062b0    0x14  hal-efm32.o [1]
  .rodata            const    0x080062c4    0x10  hal-efm32.o [1]
  .rodata            const    0x080062d4    0x10  hal-efm32.o [1]
  .rodata            const    0x080062e4    0x10  hal-efm32.o [1]
  .rodata            const    0x080062f4    0x10  hal-efm32.o [1]
  .rodata            const    0x08006304    0x10  hal-efm32.o [1]
  .rodata            const    0x08006314    0x10  lmic.o [1]
  .rodata            const    0x08006324    0x10  main.o [1]
  .rodata            const    0x08006334    0x10  main.o [1]
  .text              ro code  0x08006344    0x10  startup_efm32tg.o [1]
  .rodata            const    0x08006354     0xc  hal-efm32.o [1]
  .rodata            const    0x08006360     0xc  hal-efm32.o [1]
  .rodata            const    0x0800636c     0xc  hal-efm32.o [1]
  .rodata            const    0x08006378     0xc  hal-efm32.o [1]
  .rodata            const    0x08006384     0xc  hal-efm32.o [1]
  .rodata            const    0x08006390     0xc  hal-efm32.o [1]
  .rodata            const    0x0800639c     0xc  lmic.o [1]
  .rodata            const    0x080063a8     0xc  lmic.o [1]
  .text              ro code  0x080063b4     0xc  cstartup_M.o [4]
  .rodata            const    0x080063c0     0x8  hal-efm32.o [1]
  .rodata            const    0x080063c8     0x8  hal-efm32.o [1]
  .rodata            const    0x080063d0     0x8  hal-efm32.o [1]
  .rodata            const    0x080063d8     0x8  hal-efm32.o [1]
  .rodata            const    0x080063e0     0x8  main.o [1]
  .rodata            const    0x080063e8     0x8  main.o [1]
  .rodata            const    0x080063f0     0x4  radio.o [1]
  .text              ro code  0x080063f4     0x4  startup_efm32tg.o [1]
  .text              ro code  0x080063f8     0x4  startup_efm32tg.o [1]
  .text              ro code  0x080063fc     0x4  startup_efm32tg.o [1]
  .text              ro code  0x08006400     0x4  startup_efm32tg.o [1]
  .text              ro code  0x08006404     0x4  startup_efm32tg.o [1]
  .text              ro code  0x08006408     0x4  startup_efm32tg.o [1]
  .text              ro code  0x0800640c     0x4  startup_efm32tg.o [1]
  .text              ro code  0x08006410     0x4  startup_efm32tg.o [1]
  .text              ro code  0x08006414     0x4  startup_efm32tg.o [1]
  .text              ro code  0x08006418     0x4  startup_efm32tg.o [1]
  .text              ro code  0x0800641c     0x4  startup_efm32tg.o [1]
  .text              ro code  0x08006420     0x4  startup_efm32tg.o [1]
  .text              ro code  0x08006424     0x4  startup_efm32tg.o [1]
  .text              ro code  0x08006428     0x4  startup_efm32tg.o [1]
  .text              ro code  0x0800642c     0x4  startup_efm32tg.o [1]
  .text              ro code  0x08006430     0x4  startup_efm32tg.o [1]
  .text              ro code  0x08006434     0x4  startup_efm32tg.o [1]
  .text              ro code  0x08006438     0x4  startup_efm32tg.o [1]
  .text              ro code  0x0800643c     0x4  startup_efm32tg.o [1]
  .text              ro code  0x08006440     0x4  startup_efm32tg.o [1]
  .text              ro code  0x08006444     0x4  startup_efm32tg.o [1]
  .text              ro code  0x08006448     0x4  startup_efm32tg.o [1]
  .text              ro code  0x0800644c     0x4  startup_efm32tg.o [1]
  .text              ro code  0x08006450     0x4  startup_efm32tg.o [1]
  .text              ro code  0x08006454     0x4  startup_efm32tg.o [1]
  .text              ro code  0x08006458     0x4  startup_efm32tg.o [1]
  .text              ro code  0x0800645c     0x4  startup_efm32tg.o [1]
  .text              ro code  0x08006460     0x4  startup_efm32tg.o [1]
  .text              ro code  0x08006464     0x4  startup_efm32tg.o [1]
  .text              ro code  0x08006468     0x4  startup_efm32tg.o [1]
  .rodata            const    0x0800646c     0x0  zero_init3.o [4]
  .rodata            const    0x0800646c     0x0  copy_init3.o [4]
  Initializer bytes  ro data  0x0800646c    0x48  <for P2 s0>
                            - 0x080064b4  0x6418

"P2", part 1 of 3:                          0x48
  P2 s0                       0x20000000    0x48  <Init block>
    .data            inited   0x20000000    0x40  hal-efm32.o [1]
    .data            inited   0x20000040     0x4  system_efm32tg.o [1]
    .data            inited   0x20000044     0x4  system_efm32tg.o [1]
                            - 0x20000048    0x48

"P2", part 2 of 3:                         0x268
  .bss               zero     0x20000048   0x174  lmic.o [1]
  .bss               zero     0x200001bc    0xb0  aes.o [1]
  .bss               zero     0x2000026c    0x10  aes.o [1]
  .bss               zero     0x2000027c    0x10  radio.o [1]
  .bss               zero     0x2000028c     0x8  hal-efm32.o [1]
  .bss               zero     0x20000294     0x8  oslmic.o [1]
  .bss               zero     0x2000029c     0x4  rtcdrv.o [1]
  .bss               zero     0x200002a0     0x4  rtcdrv.o [1]
  .bss               zero     0x200002a4     0x4  system_efm32tg.o [1]
  .bss               zero     0x200002a8     0x2  em_emu.o [1]
  .bss               zero     0x200002aa     0x1  rtcdrv.o [1]
                            - 0x200002ab   0x263

"P2", part 3 of 3:                         0x800
  CSTACK                      0x200002b0   0x800  <Block>
    CSTACK           uninit   0x200002b0   0x800  <Block tail>
                            - 0x20000ab0   0x800


*******************************************************************************
*** INIT TABLE
***

          Address     Size
          -------     ----
Zero (__iar_zero_init3)
    1 destination range, total size 0x263:
          0x20000048  0x263

Copy (__iar_copy_init3)
    1 source range, total size 0x48:
          0x0800646c   0x48
    1 destination range, total size 0x48:
          0x20000000   0x48



*******************************************************************************
*** MODULE SUMMARY
***

    Module             ro code  ro data  rw data
    ------             -------  -------  -------
C:\Users\Administrador\Documents\GitHub\lmic\examples EFM32\ping\Debug\Obj: [1]
    aes.o                2 484    4 392      192
    em_cmu.o             2 292
    em_dma.o               184
    em_emu.o               356                 2
    em_gpio.o              228
    em_rtc.o               132
    em_usart.o             328
    hal-efm32.o            936      340       72
    lmic.o               9 492      656      372
    main.o                 238       48
    oslmic.o               334                 8
    radio.o              1 654        4       16
    rtcdrv.o               328                 9
    startup_efm32tg.o      292
    system_efm32tg.o       284        8       12
    --------------------------------------------
    Total:              19 562    5 448      683

command line: [2]
    --------------------------------------------
    Total:

dl7M_tln.a: [3]
    exit.o                   4
    low_level_init.o         4
    --------------------------------------------
    Total:                   8

rt7M_tl.a: [4]
    ABImemcpy.o            118
    ABImemset.o            102
    I64DivMod.o            306
    I64DivZer.o              2
    cexit.o                 10
    cmain.o                 22
    copy_init3.o            46
    cstartup_M.o            12
    data_init.o             40
    zero_init3.o            34
    --------------------------------------------
    Total:                 692

shb_l.a: [5]
    exit.o                  20
    --------------------------------------------
    Total:                  20

    Gaps                    14
    Linker created                   36    2 048
------------------------------------------------
    Grand Total:        20 296    5 484    2 731


*******************************************************************************
*** ENTRY LIST
***

Entry                     Address   Size  Type      Object
-----                     -------   ----  ----      ------
?main                  0x08006271         Code  Gb  cmain.o [4]
ACMP0_IRQHandler       0x08006429         Code  Wk  startup_efm32tg.o [1]
ADC0_IRQHandler        0x0800642d         Code  Wk  startup_efm32tg.o [1]
AESAUX                 0x2000026c   0x10  Data  Gb  aes.o [1]
AESKEY                 0x200001bc   0xb0  Data  Gb  aes.o [1]
AES_E1                 0x08004d94  0x400  Data  Lc  aes.o [1]
AES_E2                 0x08005194  0x400  Data  Lc  aes.o [1]
AES_E3                 0x08005594  0x400  Data  Lc  aes.o [1]
AES_E4                 0x08005994  0x400  Data  Lc  aes.o [1]
AES_IRQHandler         0x08006469         Code  Wk  startup_efm32tg.o [1]
AES_RCON               0x080061ac   0x28  Data  Lc  aes.o [1]
AES_S                  0x08005f94  0x100  Data  Lc  aes.o [1]
APPEUI                 0x080063e0    0x8  Data  Lc  main.o [1]
BITBAND_Peripheral     0x08003f45    0xe  Code  Lc  em_cmu.o [1]
BITBAND_Peripheral     0x08004a65    0xe  Code  Lc  em_rtc.o [1]
BusFault_Handler       0x08006401         Code  Wk  startup_efm32tg.o [1]
CHIP_Init              0x08003931    0x2  Code  Lc  hal-efm32.o [1]
CMU_AUXClkGet          0x08003ff9   0x64  Code  Lc  em_cmu.o [1]
CMU_ClockDivSet        0x08004119  0x1bc  Code  Gb  em_cmu.o [1]
CMU_ClockEnable        0x080042d5   0x86  Code  Gb  em_cmu.o [1]
CMU_ClockFreqGet       0x0800435b  0x14c  Code  Gb  em_cmu.o [1]
CMU_ClockSelectGet     0x080044a7   0xf2  Code  Gb  em_cmu.o [1]
CMU_ClockSelectSet     0x08004599  0x176  Code  Gb  em_cmu.o [1]
CMU_DBGClkGet          0x0800405d   0x30  Code  Lc  em_cmu.o [1]
CMU_DivToLog2          0x08003f83   0x20  Code  Lc  em_cmu.o [1]
CMU_FlashWaitStateControl
                       0x08003fa3   0x56  Code  Lc  em_cmu.o [1]
CMU_FlashWaitStateMax  0x08003f53   0x30  Code  Lc  em_cmu.o [1]
CMU_IRQHandler         0x08006459         Code  Wk  startup_efm32tg.o [1]
CMU_LFClkGet           0x0800408d   0x76  Code  Lc  em_cmu.o [1]
CMU_Lock               0x08004c39    0x8  Code  Lc  em_emu.o [1]
CMU_OscillatorEnable   0x0800472d   0x9c  Code  Gb  em_cmu.o [1]
CMU_Sync               0x08004103   0x16  Code  Lc  em_cmu.o [1]
CMU_Unlock             0x08004c41    0xa  Code  Lc  em_emu.o [1]
CRC_TABLE              0x08005d94  0x200  Data  Lc  lmic.o [1]
CSTACK$$Base           0x200002b0          --   Gb  - Linker created -
CSTACK$$Limit          0x20000ab0          --   Gb  - Linker created -
DAC0_IRQHandler        0x08006431         Code  Wk  startup_efm32tg.o [1]
DEVEUI                 0x080063e8    0x8  Data  Lc  main.o [1]
DEVKEY                 0x08006334   0x10  Data  Lc  main.o [1]
DMA_IRQHandler         0x08006095   0xa4  Code  Gb  em_dma.o [1]
DR2HSYM_osticks        0x08006220   0x20  Data  Lc  lmic.o [1]
DRADJUST               0x080063a8    0xc  Data  Lc  lmic.o [1]
DebugMon_Handler       0x0800640d         Code  Wk  startup_efm32tg.o [1]
EMU_EnterEM2           0x08004cfd   0x5e  Code  Gb  em_emu.o [1]
EMU_Restore            0x08004c4b   0x80  Code  Lc  em_emu.o [1]
EMU_UpdateOscConfig    0x08004d5b    0xa  Code  Gb  em_emu.o [1]
GPIO_EVEN_IRQHandler   0x08006419         Code  Wk  startup_efm32tg.o [1]
GPIO_ODD_IRQHandler    0x08006439         Code  Wk  startup_efm32tg.o [1]
GPIO_PinModeSet        0x08004839   0xde  Code  Gb  em_gpio.o [1]
GPIO_PinOutClear       0x08003933   0x26  Code  Lc  hal-efm32.o [1]
GPIO_PinOutSet         0x08003959   0x24  Code  Lc  hal-efm32.o [1]
GetProdRev             0x08003e29    0xa  Code  Lc  system_efm32tg.o [1]
HAL                    0x2000028c    0x8  Data  Lc  hal-efm32.o [1]
HardFault_Handler      0x080063f9         Code  Wk  startup_efm32tg.o [1]
I2C0_IRQHandler        0x08006435         Code  Wk  startup_efm32tg.o [1]
LCD_IRQHandler         0x08006461         Code  Wk  startup_efm32tg.o [1]
LESENSE_IRQHandler     0x08006449         Code  Wk  startup_efm32tg.o [1]
LETIMER0_IRQHandler    0x08006451         Code  Wk  startup_efm32tg.o [1]
LEUART0_IRQHandler     0x0800644d         Code  Wk  startup_efm32tg.o [1]
LMIC                   0x20000048  0x174  Data  Gb  lmic.o [1]
LMIC_enableTracking    0x08001c25   0x2e  Code  Gb  lmic.o [1]
LMIC_init              0x08002483    0xa  Code  Gb  lmic.o [1]
LMIC_reset             0x08002421   0x62  Code  Gb  lmic.o [1]
LMIC_sendAlive         0x0800248d   0x18  Code  Gb  lmic.o [1]
LMIC_setPingable       0x08000775   0x46  Code  Gb  lmic.o [1]
LMIC_startJoining      0x08001cad   0x74  Code  Gb  lmic.o [1]
MSC_IRQHandler         0x08006465         Code  Wk  startup_efm32tg.o [1]
MemManage_Handler      0x080063fd         Code  Wk  startup_efm32tg.o [1]
NMI_Handler            0x080063f5         Code  Wk  startup_efm32tg.o [1]
NVIC_ClearPendingIRQ   0x08004b01   0x18  Code  Lc  rtcdrv.o [1]
NVIC_EnableIRQ         0x08004ae9   0x18  Code  Lc  rtcdrv.o [1]
OS                     0x20000294    0x8  Data  Lc  oslmic.o [1]
PCNT0_IRQHandler       0x08006455         Code  Wk  startup_efm32tg.o [1]
PendSV_Handler         0x08006411         Code  Wk  startup_efm32tg.o [1]
RTCDRV_CallBack        0x08003aeb   0x1a  Code  Gb  hal-efm32.o [1]
RTCDRV_Setup           0x08004b37   0x64  Code  Gb  rtcdrv.o [1]
RTCDRV_Trigger         0x08004bbf   0x48  Code  Gb  rtcdrv.o [1]
RTC_CompareSet         0x08004a73   0x2e  Code  Gb  em_rtc.o [1]
RTC_Enable             0x08004aa1   0x12  Code  Gb  em_rtc.o [1]
RTC_IRQHandler         0x08004b9b   0x24  Code  Gb  rtcdrv.o [1]
RTC_Init               0x08004ab3   0x2a  Code  Gb  em_rtc.o [1]
RTC_IntClear           0x08004b19    0x6  Code  Lc  rtcdrv.o [1]
RTC_IntDisable         0x08004b1f    0xc  Code  Lc  rtcdrv.o [1]
RTC_IntEnable          0x0800397d    0xc  Code  Lc  hal-efm32.o [1]
RTC_IntEnable          0x08004b2b    0xc  Code  Lc  rtcdrv.o [1]
Region$$Table$$Base    0x080061fc          --   Gb  - Linker created -
Region$$Table$$Limit   0x08006220          --   Gb  - Linker created -
Reset_Handler          0x08006345         Code  Wk  startup_efm32tg.o [1]
SENSITIVITY            0x08006258   0x18  Data  Lc  lmic.o [1]
SVC_Handler            0x08006409         Code  Wk  startup_efm32tg.o [1]
SysTick_Handler        0x08006415         Code  Wk  startup_efm32tg.o [1]
SystemCoreClock        0x200002a4    0x4  Data  Gb  system_efm32tg.o [1]
SystemCoreClockGet     0x08003e33   0x1a  Code  Gb  system_efm32tg.o [1]
SystemCoreClockUpdate  0x08004c31    0x8  Code  Lc  em_emu.o [1]
SystemCoreClockUpdate  0x08003929    0x8  Code  Lc  hal-efm32.o [1]
SystemHFClockGet       0x08003e4d   0xa6  Code  Gb  system_efm32tg.o [1]
SystemHFXOClock        0x20000040    0x4  Data  Lc  system_efm32tg.o [1]
SystemInit             0x08003ef3    0x2  Code  Gb  system_efm32tg.o [1]
SystemLFRCOClockGet    0x08003ef5    0x6  Code  Gb  system_efm32tg.o [1]
SystemLFXOClock        0x20000044    0x4  Data  Lc  system_efm32tg.o [1]
SystemLFXOClockGet     0x08003f01    0x6  Code  Gb  system_efm32tg.o [1]
SystemULFRCOClockGet   0x08003efb    0x6  Code  Gb  system_efm32tg.o [1]
TIMER0_IRQHandler      0x0800641d         Code  Wk  startup_efm32tg.o [1]
TIMER1_IRQHandler      0x0800643d         Code  Wk  startup_efm32tg.o [1]
TXPOWLEVELS            0x08006314   0x10  Data  Lc  lmic.o [1]
USART0_RX_IRQHandler   0x08006421         Code  Wk  startup_efm32tg.o [1]
USART0_TX_IRQHandler   0x08006425         Code  Wk  startup_efm32tg.o [1]
USART1_RX_IRQHandler   0x08006441         Code  Wk  startup_efm32tg.o [1]
USART1_TX_IRQHandler   0x08006445         Code  Wk  startup_efm32tg.o [1]
USART_BaudrateSyncSet  0x0800491d   0x42  Code  Gb  em_usart.o [1]
USART_InitSync         0x0800495f   0x82  Code  Gb  em_usart.o [1]
USART_Reset            0x080049e1   0x54  Code  Gb  em_usart.o [1]
USART_Rx               0x08004a4d    0xc  Code  Gb  em_usart.o [1]
USART_Tx               0x08004a59    0xc  Code  Gb  em_usart.o [1]
UsageFault_Handler     0x08006405         Code  Wk  startup_efm32tg.o [1]
VCMP_IRQHandler        0x0800645d         Code  Wk  startup_efm32tg.o [1]
_DR2RPS_CRC            0x0800639c    0xc  Data  Gb  lmic.o [1]
__Vectors              0x08000000          --   Gb  startup_efm32tg.o [1]
__Vectors_End          0x0800009c         Data  Gb  startup_efm32tg.o [1]
__Vectors_Size {Abs}   0x0000009c          --   Gb  startup_efm32tg.o [1]
__aeabi_ldiv0          0x08003e25         Code  Gb  I64DivZer.o [4]
__aeabi_ldivmod        0x08002ff9         Code  Gb  I64DivMod.o [4]
__aeabi_memcpy         0x08003dad         Code  Gb  ABImemcpy.o [4]
__aeabi_memcpy4        0x08003dcd         Code  Gb  ABImemcpy.o [4]
__aeabi_memcpy8        0x08003dcd         Code  Gb  ABImemcpy.o [4]
__aeabi_memset         0x08003d45         Code  Gb  ABImemset.o [4]
__aeabi_uldivmod       0x0800303d         Code  Gb  I64DivMod.o [4]
__cmain                0x08006271         Code  Gb  cmain.o [4]
__exit                 0x0800629d   0x14  Code  Gb  exit.o [5]
__iar_Memset           0x08003d45         Code  Gb  ABImemset.o [4]
__iar_Memset_word      0x08003d4d         Code  Gb  ABImemset.o [4]
__iar_copy_init3       0x08002fcb   0x2e  Code  Gb  copy_init3.o [4]
__iar_data_init3       0x080061d5   0x28  Code  Gb  data_init.o [4]
__iar_program_start    0x080063b5         Code  Gb  cstartup_M.o [4]
__iar_zero_init3       0x0800312b   0x22  Code  Gb  zero_init3.o [4]
__low_level_init       0x08006287    0x4  Code  Gb  low_level_init.o [3]
__vector_table         0x08000000         Data  Gb  startup_efm32tg.o [1]
__vector_table_0x1c    0x0800001c         Data  Gb  startup_efm32tg.o [1]
_call_main             0x0800627d         Code  Gb  cmain.o [4]
_exit                  0x08006291         Code  Gb  cexit.o [4]
_main                  0x08006283         Code  Gb  cmain.o [4]
aes_appendMic          0x080001cd   0x46  Code  Lc  lmic.o [1]
aes_appendMic0         0x08000213   0x24  Code  Lc  lmic.o [1]
aes_cipher             0x08000283   0x74  Code  Lc  lmic.o [1]
aes_encrypt            0x08000267   0x1c  Code  Lc  lmic.o [1]
aes_sessKeys           0x080002f7   0x60  Code  Lc  lmic.o [1]
aes_verifyMic          0x0800017b   0x52  Code  Lc  lmic.o [1]
aes_verifyMic0         0x08000237   0x30  Code  Lc  lmic.o [1]
aesroundkeys           0x08002519   0xc8  Code  Lc  aes.o [1]
buildDataFrame         0x080017ed  0x31c  Code  Lc  lmic.o [1]
buildJoinRequest       0x08001c53   0x4e  Code  Lc  lmic.o [1]
calcAirTime            0x0800037f   0xfe  Code  Gb  lmic.o [1]
calcBcnRxWindowFromMillis
                       0x080004ff   0x90  Code  Lc  lmic.o [1]
calcRxWindow           0x0800047d   0x82  Code  Lc  lmic.o [1]
cmuStatus              0x200002a8    0x2  Data  Lc  em_emu.o [1]
configChannel          0x080032b9   0x44  Code  Lc  radio.o [1]
configLoraModem        0x0800320b   0xae  Code  Lc  radio.o [1]
configPower            0x080032fd   0x30  Code  Lc  radio.o [1]
convFreq               0x08000867   0x26  Code  Lc  lmic.o [1]
debug_buf              0x08003c2f   0x2e  Code  Gb  hal-efm32.o [1]
debug_char             0x08003c0d    0x2  Code  Gb  hal-efm32.o [1]
debug_event            0x08003c73   0x1c  Code  Gb  hal-efm32.o [1]
debug_hex              0x08003c0f   0x20  Code  Gb  hal-efm32.o [1]
debug_init             0x08003bdf   0x1c  Code  Gb  hal-efm32.o [1]
debug_led              0x08003bfb   0x12  Code  Gb  hal-efm32.o [1]
debug_str              0x08003c5d   0x16  Code  Gb  hal-efm32.o [1]
decDR                  0x08003cd1   0x14  Code  Gb  lmic.o [1]
decodeBeacon           0x08000d3d   0xea  Code  Lc  lmic.o [1]
decodeFrame            0x08000e55  0x53a  Code  Lc  lmic.o [1]
deltaticks             0x08003b37   0x26  Code  Lc  hal-efm32.o [1]
dndr2rps               0x080038f9   0x16  Code  Gb  lmic.o [1]
engineUpdate           0x08002121  0x2e8  Code  Lc  lmic.o [1]
exit                   0x0800628b    0x4  Code  Gb  exit.o [3]
getBw                  0x08002fab    0x8  Code  Gb  radio.o [1]
getCr                  0x08002fc3    0x8  Code  Gb  radio.o [1]
getErrataFixEmuE107En  0x08004ccb   0x32  Code  Lc  em_emu.o [1]
getIh                  0x08002fbb    0x8  Code  Gb  radio.o [1]
getNocrc               0x08002fb3    0x8  Code  Gb  radio.o [1]
getSensitivity         0x08000357   0x28  Code  Gb  lmic.o [1]
getSf                  0x08002fa5    0x6  Code  Gb  radio.o [1]
hal_checkTimer         0x08003b6d   0x16  Code  Gb  hal-efm32.o [1]
hal_disableIRQs        0x08003b83    0xe  Code  Gb  hal-efm32.o [1]
hal_enableIRQs         0x08003b91   0x12  Code  Gb  hal-efm32.o [1]
hal_failed             0x08003bd3    0xc  Code  Gb  hal-efm32.o [1]
hal_init               0x08003bad   0x26  Code  Gb  hal-efm32.o [1]
hal_io_init            0x080039af   0x78  Code  Lc  hal-efm32.o [1]
hal_pin_nss            0x08003a3d   0x12  Code  Gb  hal-efm32.o [1]
hal_pin_rst            0x08003a4f    0x2  Code  Gb  hal-efm32.o [1]
hal_pin_rxtx           0x08003a27   0x16  Code  Gb  hal-efm32.o [1]
hal_sleep              0x08003ba3    0xa  Code  Gb  hal-efm32.o [1]
hal_spi                0x08003ad5   0x16  Code  Gb  hal-efm32.o [1]
hal_spi_init           0x08003a51   0x84  Code  Lc  hal-efm32.o [1]
hal_ticks              0x08003b1d   0x1a  Code  Gb  hal-efm32.o [1]
hal_time_init          0x08003b05   0x18  Code  Lc  hal-efm32.o [1]
hal_waitUntil          0x08003b5d   0x10  Code  Gb  hal-efm32.o [1]
iniChannelFreq         0x0800617c   0x30  Data  Lc  lmic.o [1]
initDefaultChannels    0x080007bb   0xac  Code  Lc  lmic.o [1]
initJoinLoop           0x08000b7f   0x44  Code  Lc  lmic.o [1]
initfunc               0x08002efd    0xe  Code  Lc  main.o [1]
isFasterDR             0x080038e7   0x12  Code  Gb  lmic.o [1]
isSlowerDR             0x080038d5   0x12  Code  Gb  lmic.o [1]
jreqDone               0x0800174f   0x12  Code  Lc  lmic.o [1]
lowerDR                0x08003d01   0x22  Code  Gb  lmic.o [1]
main                   0x08002f0b   0x14  Code  Gb  main.o [1]
mapChannels            0x080008fd   0x52  Code  Lc  lmic.o [1]
memcpy                 0x08002503   0x16  Code  Gb  main.o [1]
memset                 0x080024ed   0x16  Code  Gb  oslmic.o [1]
micB0                  0x08000131   0x4a  Code  Lc  lmic.o [1]
nextJoinState          0x08000bc3   0xc2  Code  Lc  lmic.o [1]
nextTx                 0x080009eb  0x158  Code  Lc  lmic.o [1]
onBcnRx                0x08001b0d   0x92  Code  Lc  lmic.o [1]
onEvent                0x08002f1f   0x6e  Code  Gb  main.o [1]
onJoinFailed           0x08001505    0xc  Code  Lc  lmic.o [1]
opmode                 0x080031cf   0x1c  Code  Lc  radio.o [1]
opmodeFSK              0x080031fb   0x10  Code  Lc  radio.o [1]
opmodeLora             0x080031eb   0x10  Code  Lc  radio.o [1]
os_aes                 0x080025e1  0x8ca  Code  Gb  aes.o [1]
os_clearCallback       0x080037dd   0x2e  Code  Gb  oslmic.o [1]
os_crc16               0x08000103   0x2e  Code  Gb  lmic.o [1]
os_getArtEui           0x08002ecd   0x10  Code  Gb  main.o [1]
os_getBattLevel        0x080000ff    0x4  Code  Gb  lmic.o [1]
os_getDevEui           0x08002edd   0x10  Code  Gb  main.o [1]
os_getDevKey           0x08002eed   0x10  Code  Gb  main.o [1]
os_getTime             0x080037b7    0x8  Code  Gb  oslmic.o [1]
os_init                0x0800379d   0x1a  Code  Gb  oslmic.o [1]
os_radio               0x08003761   0x3c  Code  Gb  radio.o [1]
os_rlsbf2              0x0800009d    0xc  Code  Gb  lmic.o [1]
os_rlsbf4              0x080000a9   0x16  Code  Gb  lmic.o [1]
os_rmsbf4              0x080000bf   0x16  Code  Gb  lmic.o [1]
os_runloop             0x08003875   0x56  Code  Gb  oslmic.o [1]
os_setCallback         0x0800380b   0x2c  Code  Gb  oslmic.o [1]
os_setTimedCallback    0x08003837   0x3e  Code  Gb  oslmic.o [1]
os_wlsbf2              0x080000d5    0xa  Code  Gb  lmic.o [1]
os_wlsbf4              0x080000df   0x10  Code  Gb  lmic.o [1]
os_wmsbf4              0x080000ef   0x10  Code  Gb  lmic.o [1]
processBeacon          0x08001f19  0x1b8  Code  Lc  lmic.o [1]
processDnData          0x08001d55  0x1b6  Code  Lc  lmic.o [1]
processJoinAccept      0x08001511  0x20c  Code  Lc  lmic.o [1]
processPingRx          0x08001d21   0x30  Code  Lc  lmic.o [1]
processRx1DnData       0x08001795   0x26  Code  Lc  lmic.o [1]
processRx1Jacc         0x08001721   0x20  Code  Lc  lmic.o [1]
processRx2DnData       0x08001761   0x20  Code  Lc  lmic.o [1]
radio_init             0x08003671   0xa6  Code  Gb  radio.o [1]
radio_rand1            0x08003717   0x34  Code  Gb  radio.o [1]
randbuf                0x2000027c   0x10  Data  Lc  radio.o [1]
readReg                0x08003173   0x26  Code  Lc  radio.o [1]
reportEvent            0x08000c8f   0x12  Code  Lc  lmic.o [1]
rndDelay               0x080006a7   0x4c  Code  Lc  lmic.o [1]
rtcCb                  0x2000029c    0x4  Data  Lc  rtcdrv.o [1]
rtcFreq                0x200002a0    0x4  Data  Lc  rtcdrv.o [1]
rtcInitialized         0x200002aa    0x1  Data  Lc  rtcdrv.o [1]
runEngineUpdate        0x08000c85    0xa  Code  Lc  lmic.o [1]
rxfsk                  0x08003575   0xc8  Code  Lc  radio.o [1]
rxlora                 0x080034c1   0xb4  Code  Lc  radio.o [1]
rxlorairqmask          0x080063f0    0x4  Data  Lc  radio.o [1]
rxschedInit            0x0800058f   0xac  Code  Lc  lmic.o [1]
rxschedNext            0x0800063b   0x6c  Code  Lc  lmic.o [1]
schedRx2               0x080013cd   0x40  Code  Lc  lmic.o [1]
setBcnRxParams         0x08000b43   0x3c  Code  Lc  lmic.o [1]
setCr                  0x08003d35   0x10  Code  Gb  lmic.o [1]
setDrJoin              0x08000739    0xa  Code  Lc  lmic.o [1]
setDrTxpow             0x08000743   0x32  Code  Lc  lmic.o [1]
setIh                  0x0800391d    0xa  Code  Gb  lmic.o [1]
setNocrc               0x0800390f    0xe  Code  Gb  lmic.o [1]
setpin                 0x08003989   0x26  Code  Lc  hal-efm32.o [1]
setupChannel           0x0800088d   0x70  Code  Lc  lmic.o [1]
setupRx1               0x0800140d   0x38  Code  Lc  lmic.o [1]
setupRx1DnData         0x080017bb    0xe  Code  Lc  lmic.o [1]
setupRx1Jacc           0x08001741    0xe  Code  Lc  lmic.o [1]
setupRx2               0x0800138f   0x3e  Code  Lc  lmic.o [1]
setupRx2DnData         0x08001781   0x14  Code  Lc  lmic.o [1]
startJoining           0x08001ca1    0xc  Code  Lc  lmic.o [1]
startRxBcn             0x080020d5   0x16  Code  Lc  lmic.o [1]
startRxPing            0x080020f1   0x16  Code  Lc  lmic.o [1]
startScan              0x08001b9f   0x7c  Code  Lc  lmic.o [1]
startrx                0x0800363d   0x34  Code  Lc  radio.o [1]
starttx                0x08003495   0x2c  Code  Lc  radio.o [1]
stateJustJoined        0x08000ca1   0x92  Code  Lc  lmic.o [1]
txDelay                0x080006f3   0x46  Code  Lc  lmic.o [1]
txDone                 0x08001449   0x9e  Code  Lc  lmic.o [1]
txfsk                  0x0800332d   0xce  Code  Lc  radio.o [1]
txlora                 0x080033fb   0x9a  Code  Lc  radio.o [1]
unlinkjob              0x080037bf   0x1e  Code  Lc  oslmic.o [1]
updataDone             0x080017c9   0x12  Code  Lc  lmic.o [1]
updateTx               0x0800094f   0x9c  Code  Lc  lmic.o [1]
updr2rps               0x08003d25   0x10  Code  Gb  lmic.o [1]
validDR                0x08003ce5   0x1c  Code  Gb  lmic.o [1]
writeBuf               0x08003199   0x36  Code  Lc  radio.o [1]
writeReg               0x0800314d   0x26  Code  Lc  radio.o [1]


[1] = C:\Users\Administrador\Documents\GitHub\lmic\examples EFM32\ping\Debug\Obj
[2] = command line
[3] = dl7M_tln.a
[4] = rt7M_tl.a
[5] = shb_l.a

  20 296 bytes of readonly  code memory
   5 484 bytes of readonly  data memory
   2 731 bytes of readwrite data memory

Errors: none
Warnings: none
