###############################################################################
#                                                                             #
# IAR ELF Linker V6.50.5.4819/W32 for ARM               18/Feb/2015  17:19:38 #
# Copyright 2007-2013 IAR Systems AB.                                         #
#                                                                             #
#    Output file  =  C:\Users\Administrador\Documents\GitHub\lmic\examples    #
#                    EFM32\transmit\Debug\Exe\transmit.out                    #
#    Map file     =  C:\Users\Administrador\Documents\GitHub\lmic\examples    #
#                    EFM32\transmit\Debug\List\transmit.map                   #
#    Command line =  "C:\Users\Administrador\Documents\GitHub\lmic\examples   #
#                    EFM32\transmit\Debug\Obj\aes.o"                          #
#                    "C:\Users\Administrador\Documents\GitHub\lmic\examples   #
#                    EFM32\transmit\Debug\Obj\em_acmp.o"                      #
#                    "C:\Users\Administrador\Documents\GitHub\lmic\examples   #
#                    EFM32\transmit\Debug\Obj\em_adc.o"                       #
#                    "C:\Users\Administrador\Documents\GitHub\lmic\examples   #
#                    EFM32\transmit\Debug\Obj\em_aes.o"                       #
#                    "C:\Users\Administrador\Documents\GitHub\lmic\examples   #
#                    EFM32\transmit\Debug\Obj\em_assert.o"                    #
#                    "C:\Users\Administrador\Documents\GitHub\lmic\examples   #
#                    EFM32\transmit\Debug\Obj\em_burtc.o"                     #
#                    "C:\Users\Administrador\Documents\GitHub\lmic\examples   #
#                    EFM32\transmit\Debug\Obj\em_cmu.o"                       #
#                    "C:\Users\Administrador\Documents\GitHub\lmic\examples   #
#                    EFM32\transmit\Debug\Obj\em_dac.o"                       #
#                    "C:\Users\Administrador\Documents\GitHub\lmic\examples   #
#                    EFM32\transmit\Debug\Obj\em_dbg.o"                       #
#                    "C:\Users\Administrador\Documents\GitHub\lmic\examples   #
#                    EFM32\transmit\Debug\Obj\em_dma.o"                       #
#                    "C:\Users\Administrador\Documents\GitHub\lmic\examples   #
#                    EFM32\transmit\Debug\Obj\em_ebi.o"                       #
#                    "C:\Users\Administrador\Documents\GitHub\lmic\examples   #
#                    EFM32\transmit\Debug\Obj\em_emu.o"                       #
#                    "C:\Users\Administrador\Documents\GitHub\lmic\examples   #
#                    EFM32\transmit\Debug\Obj\em_gpio.o"                      #
#                    "C:\Users\Administrador\Documents\GitHub\lmic\examples   #
#                    EFM32\transmit\Debug\Obj\em_i2c.o"                       #
#                    "C:\Users\Administrador\Documents\GitHub\lmic\examples   #
#                    EFM32\transmit\Debug\Obj\em_idac.o"                      #
#                    "C:\Users\Administrador\Documents\GitHub\lmic\examples   #
#                    EFM32\transmit\Debug\Obj\em_int.o"                       #
#                    "C:\Users\Administrador\Documents\GitHub\lmic\examples   #
#                    EFM32\transmit\Debug\Obj\em_lcd.o"                       #
#                    "C:\Users\Administrador\Documents\GitHub\lmic\examples   #
#                    EFM32\transmit\Debug\Obj\em_lesense.o"                   #
#                    "C:\Users\Administrador\Documents\GitHub\lmic\examples   #
#                    EFM32\transmit\Debug\Obj\em_letimer.o"                   #
#                    "C:\Users\Administrador\Documents\GitHub\lmic\examples   #
#                    EFM32\transmit\Debug\Obj\em_leuart.o"                    #
#                    "C:\Users\Administrador\Documents\GitHub\lmic\examples   #
#                    EFM32\transmit\Debug\Obj\em_mpu.o"                       #
#                    "C:\Users\Administrador\Documents\GitHub\lmic\examples   #
#                    EFM32\transmit\Debug\Obj\em_msc.o"                       #
#                    "C:\Users\Administrador\Documents\GitHub\lmic\examples   #
#                    EFM32\transmit\Debug\Obj\em_opamp.o"                     #
#                    "C:\Users\Administrador\Documents\GitHub\lmic\examples   #
#                    EFM32\transmit\Debug\Obj\em_pcnt.o"                      #
#                    "C:\Users\Administrador\Documents\GitHub\lmic\examples   #
#                    EFM32\transmit\Debug\Obj\em_prs.o"                       #
#                    "C:\Users\Administrador\Documents\GitHub\lmic\examples   #
#                    EFM32\transmit\Debug\Obj\em_rmu.o"                       #
#                    "C:\Users\Administrador\Documents\GitHub\lmic\examples   #
#                    EFM32\transmit\Debug\Obj\em_rtc.o"                       #
#                    "C:\Users\Administrador\Documents\GitHub\lmic\examples   #
#                    EFM32\transmit\Debug\Obj\em_system.o"                    #
#                    "C:\Users\Administrador\Documents\GitHub\lmic\examples   #
#                    EFM32\transmit\Debug\Obj\em_timer.o"                     #
#                    "C:\Users\Administrador\Documents\GitHub\lmic\examples   #
#                    EFM32\transmit\Debug\Obj\em_usart.o"                     #
#                    "C:\Users\Administrador\Documents\GitHub\lmic\examples   #
#                    EFM32\transmit\Debug\Obj\em_vcmp.o"                      #
#                    "C:\Users\Administrador\Documents\GitHub\lmic\examples   #
#                    EFM32\transmit\Debug\Obj\em_wdog.o"                      #
#                    "C:\Users\Administrador\Documents\GitHub\lmic\examples   #
#                    EFM32\transmit\Debug\Obj\hal-efm32.o"                    #
#                    "C:\Users\Administrador\Documents\GitHub\lmic\examples   #
#                    EFM32\transmit\Debug\Obj\lmic.o"                         #
#                    "C:\Users\Administrador\Documents\GitHub\lmic\examples   #
#                    EFM32\transmit\Debug\Obj\main.o"                         #
#                    "C:\Users\Administrador\Documents\GitHub\lmic\examples   #
#                    EFM32\transmit\Debug\Obj\oslmic.o"                       #
#                    "C:\Users\Administrador\Documents\GitHub\lmic\examples   #
#                    EFM32\transmit\Debug\Obj\radio.o"                        #
#                    "C:\Users\Administrador\Documents\GitHub\lmic\examples   #
#                    EFM32\transmit\Debug\Obj\rtcdrv.o"                       #
#                    "C:\Users\Administrador\Documents\GitHub\lmic\examples   #
#                    EFM32\transmit\Debug\Obj\startup_efm32tg.o"              #
#                    "C:\Users\Administrador\Documents\GitHub\lmic\examples   #
#                    EFM32\transmit\Debug\Obj\system_efm32tg.o" -o            #
#                    "C:\Users\Administrador\Documents\GitHub\lmic\examples   #
#                    EFM32\transmit\Debug\Exe\transmit.out" --map             #
#                    "C:\Users\Administrador\Documents\GitHub\lmic\examples   #
#                    EFM32\transmit\Debug\List\transmit.map" --config         #
#                    "C:\Program Files (x86)\IAR Systems\Embedded Workbench   #
#                    6.0 Kickstart\arm\config\linker\EnergyMicro\EFM32TG840F3 #
#                    2.icf" --semihosting --entry __iar_program_start         #
#                    --redirect __iar_sh_stdout=__iar_sh_stdout_swo --vfe     #
#                                                                             #
#                                                                             #
###############################################################################

*******************************************************************************
*** RUNTIME MODEL ATTRIBUTES
***

CppFlavor       = *
__SystemLibrary = DLib


*******************************************************************************
*** PLACEMENT SUMMARY
***

"A1":  place at 0x00000000 { ro section .intvec };
"P1":  place in [from 0x00000000 to 0x00007fff] { ro };
"P2":  place in [from 0x20000000 to 0x20000fff] { rw, block CSTACK, block HEAP };

  Section            Kind        Address    Size  Object
  -------            ----        -------    ----  ------
"A1":                                       0x9c
  .intvec            ro code  0x00000000    0x9c  startup_efm32tg.o [1]
                            - 0x0000009c    0x9c

"P1":                                     0x642c
  .text              ro code  0x0000009c  0x2434  lmic.o [1]
  .text              ro code  0x000024d0    0x16  oslmic.o [1]
  .text              ro code  0x000024e6    0x16  main.o [1]
  .text              ro code  0x000024fc   0x9b4  aes.o [1]
  .text              ro code  0x00002eb0    0xd0  main.o [1]
  .text              ro code  0x00002f80     0x6  radio.o [1]
  .text              ro code  0x00002f86     0x8  radio.o [1]
  .text              ro code  0x00002f8e     0x8  radio.o [1]
  .text              ro code  0x00002f96     0x8  radio.o [1]
  .text              ro code  0x00002f9e     0x8  radio.o [1]
  .text              ro code  0x00002fa6    0x2e  copy_init3.o [4]
  .text              ro code  0x00002fd4   0x132  I64DivMod.o [4]
  .text              ro code  0x00003106    0x22  zero_init3.o [4]
  .text              ro code  0x00003128   0x650  radio.o [1]
  .text              ro code  0x00003778   0x138  oslmic.o [1]
  .text              ro code  0x000038b0    0x12  lmic.o [1]
  .text              ro code  0x000038c2    0x12  lmic.o [1]
  .text              ro code  0x000038d4    0x16  lmic.o [1]
  .text              ro code  0x000038ea     0xe  lmic.o [1]
  .text              ro code  0x000038f8     0xa  lmic.o [1]
  .text              ro code  0x00003904   0x3e4  hal-efm32.o [1]
  .text              ro code  0x00003ce8    0x14  lmic.o [1]
  .text              ro code  0x00003cfc    0x1c  lmic.o [1]
  .text              ro code  0x00003d18    0x22  lmic.o [1]
  .text              ro code  0x00003d3c    0x10  lmic.o [1]
  .text              ro code  0x00003d4c    0x10  lmic.o [1]
  .text              ro code  0x00003d5c    0x66  ABImemset.o [4]
  .text              ro code  0x00003dc4    0x76  ABImemcpy.o [4]
  .text              ro code  0x00003e3c     0x2  I64DivZer.o [4]
  .text              ro code  0x00003e40   0x11c  system_efm32tg.o [1]
  .text              ro code  0x00003f5c   0x8f4  em_cmu.o [1]
  .text              ro code  0x00004850    0xe4  em_gpio.o [1]
  .text              ro code  0x00004934   0x148  em_usart.o [1]
  .text              ro code  0x00004a7c    0x84  em_rtc.o [1]
  .text              ro code  0x00004b00   0x148  rtcdrv.o [1]
  .text              ro code  0x00004c48   0x164  em_emu.o [1]
  .rodata            const    0x00004dac   0x400  aes.o [1]
  .rodata            const    0x000051ac   0x400  aes.o [1]
  .rodata            const    0x000055ac   0x400  aes.o [1]
  .rodata            const    0x000059ac   0x400  aes.o [1]
  .rodata            const    0x00005dac   0x200  lmic.o [1]
  .rodata            const    0x00005fac   0x100  aes.o [1]
  .text              ro code  0x000060ac    0xb8  em_dma.o [1]
  .rodata            const    0x00006164    0x30  hal-efm32.o [1]
  .rodata            const    0x00006194    0x30  lmic.o [1]
  .rodata            const    0x000061c4    0x28  aes.o [1]
  .text              ro code  0x000061ec    0x28  data_init.o [4]
  .iar.init_table    const    0x00006214    0x24  - Linker created -
  .rodata            const    0x00006238    0x20  lmic.o [1]
  .rodata            const    0x00006258    0x18  hal-efm32.o [1]
  .rodata            const    0x00006270    0x18  lmic.o [1]
  .text              ro code  0x00006288    0x16  cmain.o [4]
  .text              ro code  0x0000629e     0x4  low_level_init.o [3]
  .text              ro code  0x000062a2     0x4  exit.o [3]
  .text              ro code  0x000062a8     0xa  cexit.o [4]
  .text              ro code  0x000062b4    0x14  exit.o [5]
  .rodata            const    0x000062c8    0x14  hal-efm32.o [1]
  .rodata            const    0x000062dc    0x10  hal-efm32.o [1]
  .rodata            const    0x000062ec    0x10  hal-efm32.o [1]
  .rodata            const    0x000062fc    0x10  hal-efm32.o [1]
  .rodata            const    0x0000630c    0x10  hal-efm32.o [1]
  .rodata            const    0x0000631c    0x10  hal-efm32.o [1]
  .rodata            const    0x0000632c    0x10  lmic.o [1]
  .rodata            const    0x0000633c    0x10  main.o [1]
  .text              ro code  0x0000634c    0x10  startup_efm32tg.o [1]
  .rodata            const    0x0000635c     0xc  hal-efm32.o [1]
  .rodata            const    0x00006368     0xc  hal-efm32.o [1]
  .rodata            const    0x00006374     0xc  hal-efm32.o [1]
  .rodata            const    0x00006380     0xc  hal-efm32.o [1]
  .rodata            const    0x0000638c     0xc  hal-efm32.o [1]
  .rodata            const    0x00006398     0xc  hal-efm32.o [1]
  .rodata            const    0x000063a4     0xc  lmic.o [1]
  .rodata            const    0x000063b0     0xc  lmic.o [1]
  .rodata            const    0x000063bc     0xc  main.o [1]
  .text              ro code  0x000063c8     0xc  cstartup_M.o [4]
  .rodata            const    0x000063d4     0x8  hal-efm32.o [1]
  .rodata            const    0x000063dc     0x8  hal-efm32.o [1]
  .rodata            const    0x000063e4     0x8  hal-efm32.o [1]
  .rodata            const    0x000063ec     0x8  hal-efm32.o [1]
  .rodata            const    0x000063f4     0x8  main.o [1]
  .rodata            const    0x000063fc     0x8  main.o [1]
  .rodata            const    0x00006404     0x4  radio.o [1]
  .text              ro code  0x00006408     0x4  startup_efm32tg.o [1]
  .text              ro code  0x0000640c     0x4  startup_efm32tg.o [1]
  .text              ro code  0x00006410     0x4  startup_efm32tg.o [1]
  .text              ro code  0x00006414     0x4  startup_efm32tg.o [1]
  .text              ro code  0x00006418     0x4  startup_efm32tg.o [1]
  .text              ro code  0x0000641c     0x4  startup_efm32tg.o [1]
  .text              ro code  0x00006420     0x4  startup_efm32tg.o [1]
  .text              ro code  0x00006424     0x4  startup_efm32tg.o [1]
  .text              ro code  0x00006428     0x4  startup_efm32tg.o [1]
  .text              ro code  0x0000642c     0x4  startup_efm32tg.o [1]
  .text              ro code  0x00006430     0x4  startup_efm32tg.o [1]
  .text              ro code  0x00006434     0x4  startup_efm32tg.o [1]
  .text              ro code  0x00006438     0x4  startup_efm32tg.o [1]
  .text              ro code  0x0000643c     0x4  startup_efm32tg.o [1]
  .text              ro code  0x00006440     0x4  startup_efm32tg.o [1]
  .text              ro code  0x00006444     0x4  startup_efm32tg.o [1]
  .text              ro code  0x00006448     0x4  startup_efm32tg.o [1]
  .text              ro code  0x0000644c     0x4  startup_efm32tg.o [1]
  .text              ro code  0x00006450     0x4  startup_efm32tg.o [1]
  .text              ro code  0x00006454     0x4  startup_efm32tg.o [1]
  .text              ro code  0x00006458     0x4  startup_efm32tg.o [1]
  .text              ro code  0x0000645c     0x4  startup_efm32tg.o [1]
  .text              ro code  0x00006460     0x4  startup_efm32tg.o [1]
  .text              ro code  0x00006464     0x4  startup_efm32tg.o [1]
  .text              ro code  0x00006468     0x4  startup_efm32tg.o [1]
  .text              ro code  0x0000646c     0x4  startup_efm32tg.o [1]
  .text              ro code  0x00006470     0x4  startup_efm32tg.o [1]
  .text              ro code  0x00006474     0x4  startup_efm32tg.o [1]
  .text              ro code  0x00006478     0x4  startup_efm32tg.o [1]
  .text              ro code  0x0000647c     0x4  startup_efm32tg.o [1]
  .rodata            const    0x00006480     0x0  zero_init3.o [4]
  .rodata            const    0x00006480     0x0  copy_init3.o [4]
  Initializer bytes  ro data  0x00006480    0x48  <for P2 s0>
                            - 0x000064c8  0x642c

"P2", part 1 of 3:                          0x48
  P2 s0                       0x20000000    0x48  <Init block>
    .data            inited   0x20000000    0x40  hal-efm32.o [1]
    .data            inited   0x20000040     0x4  system_efm32tg.o [1]
    .data            inited   0x20000044     0x4  system_efm32tg.o [1]
                            - 0x20000048    0x48

"P2", part 2 of 3:                         0x268
  .bss               zero     0x20000048   0x174  lmic.o [1]
  .bss               zero     0x200001bc    0xb0  aes.o [1]
  .bss               zero     0x2000026c    0x10  aes.o [1]
  .bss               zero     0x2000027c    0x10  radio.o [1]
  .bss               zero     0x2000028c     0x8  hal-efm32.o [1]
  .bss               zero     0x20000294     0x8  oslmic.o [1]
  .bss               zero     0x2000029c     0x4  rtcdrv.o [1]
  .bss               zero     0x200002a0     0x4  rtcdrv.o [1]
  .bss               zero     0x200002a4     0x4  system_efm32tg.o [1]
  .bss               zero     0x200002a8     0x2  em_emu.o [1]
  .bss               zero     0x200002aa     0x1  rtcdrv.o [1]
                            - 0x200002ab   0x263

"P2", part 3 of 3:                         0x400
  CSTACK                      0x200002b0   0x400  <Block>
    CSTACK           uninit   0x200002b0   0x400  <Block tail>
                            - 0x200006b0   0x400


*******************************************************************************
*** INIT TABLE
***

          Address     Size
          -------     ----
Zero (__iar_zero_init3)
    1 destination range, total size 0x263:
          0x20000048  0x263

Copy (__iar_copy_init3)
    1 source range, total size 0x48:
          0x00006480   0x48
    1 destination range, total size 0x48:
          0x20000000   0x48



*******************************************************************************
*** MODULE SUMMARY
***

    Module             ro code  ro data  rw data
    ------             -------  -------  -------
C:\Users\Administrador\Documents\GitHub\lmic\examples EFM32\transmit\Debug\Obj: [1]
    aes.o                2 484    4 392      192
    em_cmu.o             2 292
    em_dma.o               184
    em_emu.o               356                 2
    em_gpio.o              228
    em_rtc.o               132
    em_usart.o             328
    hal-efm32.o            996      340       72
    lmic.o               9 464      656      372
    main.o                 230       44
    oslmic.o               334                 8
    radio.o              1 654        4       16
    rtcdrv.o               328                 9
    startup_efm32tg.o      292
    system_efm32tg.o       284        8       12
    --------------------------------------------
    Total:              19 586    5 444      683

command line: [2]
    --------------------------------------------
    Total:

dl7M_tln.a: [3]
    exit.o                   4
    low_level_init.o         4
    --------------------------------------------
    Total:                   8

rt7M_tl.a: [4]
    ABImemcpy.o            118
    ABImemset.o            102
    I64DivMod.o            306
    I64DivZer.o              2
    cexit.o                 10
    cmain.o                 22
    copy_init3.o            46
    cstartup_M.o            12
    data_init.o             40
    zero_init3.o            34
    --------------------------------------------
    Total:                 692

shb_l.a: [5]
    exit.o                  20
    --------------------------------------------
    Total:                  20

    Gaps                    14
    Linker created                   36    1 024
------------------------------------------------
    Grand Total:        20 320    5 480    1 707


*******************************************************************************
*** ENTRY LIST
***

Entry                     Address   Size  Type      Object
-----                     -------   ----  ----      ------
?main                  0x00006289         Code  Gb  cmain.o [4]
ACMP0_IRQHandler       0x0000643d         Code  Wk  startup_efm32tg.o [1]
ADC0_IRQHandler        0x00006441         Code  Wk  startup_efm32tg.o [1]
AESAUX                 0x2000026c   0x10  Data  Gb  aes.o [1]
AESKEY                 0x200001bc   0xb0  Data  Gb  aes.o [1]
AES_E1                 0x00004dac  0x400  Data  Lc  aes.o [1]
AES_E2                 0x000051ac  0x400  Data  Lc  aes.o [1]
AES_E3                 0x000055ac  0x400  Data  Lc  aes.o [1]
AES_E4                 0x000059ac  0x400  Data  Lc  aes.o [1]
AES_IRQHandler         0x0000647d         Code  Wk  startup_efm32tg.o [1]
AES_RCON               0x000061c4   0x28  Data  Lc  aes.o [1]
AES_S                  0x00005fac  0x100  Data  Lc  aes.o [1]
APPEUI                 0x000063f4    0x8  Data  Lc  main.o [1]
BITBAND_Peripheral     0x00003f5d    0xe  Code  Lc  em_cmu.o [1]
BITBAND_Peripheral     0x00004a7d    0xe  Code  Lc  em_rtc.o [1]
BusFault_Handler       0x00006415         Code  Wk  startup_efm32tg.o [1]
CHIP_Init              0x0000390d    0x2  Code  Lc  hal-efm32.o [1]
CMU_AUXClkGet          0x00004011   0x64  Code  Lc  em_cmu.o [1]
CMU_ClockDivSet        0x00004131  0x1bc  Code  Gb  em_cmu.o [1]
CMU_ClockEnable        0x000042ed   0x86  Code  Gb  em_cmu.o [1]
CMU_ClockFreqGet       0x00004373  0x14c  Code  Gb  em_cmu.o [1]
CMU_ClockSelectGet     0x000044bf   0xf2  Code  Gb  em_cmu.o [1]
CMU_ClockSelectSet     0x000045b1  0x176  Code  Gb  em_cmu.o [1]
CMU_DBGClkGet          0x00004075   0x30  Code  Lc  em_cmu.o [1]
CMU_DivToLog2          0x00003f9b   0x20  Code  Lc  em_cmu.o [1]
CMU_FlashWaitStateControl
                       0x00003fbb   0x56  Code  Lc  em_cmu.o [1]
CMU_FlashWaitStateMax  0x00003f6b   0x30  Code  Lc  em_cmu.o [1]
CMU_IRQHandler         0x0000646d         Code  Wk  startup_efm32tg.o [1]
CMU_LFClkGet           0x000040a5   0x76  Code  Lc  em_cmu.o [1]
CMU_Lock               0x00004c51    0x8  Code  Lc  em_emu.o [1]
CMU_OscillatorEnable   0x00004745   0x9c  Code  Gb  em_cmu.o [1]
CMU_Sync               0x0000411b   0x16  Code  Lc  em_cmu.o [1]
CMU_Unlock             0x00004c59    0xa  Code  Lc  em_emu.o [1]
CRC_TABLE              0x00005dac  0x200  Data  Lc  lmic.o [1]
CSTACK$$Base           0x200002b0          --   Gb  - Linker created -
CSTACK$$Limit          0x200006b0          --   Gb  - Linker created -
DAC0_IRQHandler        0x00006445         Code  Wk  startup_efm32tg.o [1]
DEVEUI                 0x000063fc    0x8  Data  Lc  main.o [1]
DEVKEY                 0x0000633c   0x10  Data  Lc  main.o [1]
DMA_IRQHandler         0x000060ad   0xa4  Code  Gb  em_dma.o [1]
DR2HSYM_osticks        0x00006238   0x20  Data  Lc  lmic.o [1]
DRADJUST               0x000063b0    0xc  Data  Lc  lmic.o [1]
DebugMon_Handler       0x00006421         Code  Wk  startup_efm32tg.o [1]
EMU_EnterEM2           0x00004d15   0x5e  Code  Gb  em_emu.o [1]
EMU_Restore            0x00004c63   0x80  Code  Lc  em_emu.o [1]
EMU_UpdateOscConfig    0x00004d73    0xa  Code  Gb  em_emu.o [1]
GPIO_EVEN_IRQHandler   0x0000642d         Code  Wk  startup_efm32tg.o [1]
GPIO_ODD_IRQHandler    0x0000644d         Code  Wk  startup_efm32tg.o [1]
GPIO_PinModeSet        0x00004851   0xde  Code  Gb  em_gpio.o [1]
GPIO_PinOutClear       0x0000390f   0x26  Code  Lc  hal-efm32.o [1]
GPIO_PinOutSet         0x00003935   0x24  Code  Lc  hal-efm32.o [1]
GetProdRev             0x00003e41    0xa  Code  Lc  system_efm32tg.o [1]
HAL                    0x2000028c    0x8  Data  Lc  hal-efm32.o [1]
HardFault_Handler      0x0000640d         Code  Wk  startup_efm32tg.o [1]
I2C0_IRQHandler        0x00006449         Code  Wk  startup_efm32tg.o [1]
LCD_IRQHandler         0x00006475         Code  Wk  startup_efm32tg.o [1]
LESENSE_IRQHandler     0x0000645d         Code  Wk  startup_efm32tg.o [1]
LETIMER0_IRQHandler    0x00006465         Code  Wk  startup_efm32tg.o [1]
LEUART0_IRQHandler     0x00006461         Code  Wk  startup_efm32tg.o [1]
LMIC                   0x20000048  0x174  Data  Gb  lmic.o [1]
LMIC_init              0x00002413    0xa  Code  Gb  lmic.o [1]
LMIC_reset             0x000023b1   0x62  Code  Gb  lmic.o [1]
LMIC_setTxData         0x0000241d   0x2a  Code  Gb  lmic.o [1]
LMIC_setTxData2        0x00002447   0x40  Code  Gb  lmic.o [1]
LMIC_startJoining      0x00001c3b   0x74  Code  Gb  lmic.o [1]
MSC_IRQHandler         0x00006479         Code  Wk  startup_efm32tg.o [1]
MemManage_Handler      0x00006411         Code  Wk  startup_efm32tg.o [1]
NMI_Handler            0x00006409         Code  Wk  startup_efm32tg.o [1]
NVIC_ClearPendingIRQ   0x00004b19   0x18  Code  Lc  rtcdrv.o [1]
NVIC_EnableIRQ         0x00004b01   0x18  Code  Lc  rtcdrv.o [1]
OS                     0x20000294    0x8  Data  Lc  oslmic.o [1]
PCNT0_IRQHandler       0x00006469         Code  Wk  startup_efm32tg.o [1]
PendSV_Handler         0x00006425         Code  Wk  startup_efm32tg.o [1]
RTCDRV_CallBack        0x00003ac7   0x1a  Code  Gb  hal-efm32.o [1]
RTCDRV_Setup           0x00004b4f   0x64  Code  Gb  rtcdrv.o [1]
RTCDRV_Trigger         0x00004bd7   0x48  Code  Gb  rtcdrv.o [1]
RTC_CompareSet         0x00004a8b   0x2e  Code  Gb  em_rtc.o [1]
RTC_Enable             0x00004ab9   0x12  Code  Gb  em_rtc.o [1]
RTC_IRQHandler         0x00004bb3   0x24  Code  Gb  rtcdrv.o [1]
RTC_Init               0x00004acb   0x2a  Code  Gb  em_rtc.o [1]
RTC_IntClear           0x00004b31    0x6  Code  Lc  rtcdrv.o [1]
RTC_IntDisable         0x00004b37    0xc  Code  Lc  rtcdrv.o [1]
RTC_IntEnable          0x00003959    0xc  Code  Lc  hal-efm32.o [1]
RTC_IntEnable          0x00004b43    0xc  Code  Lc  rtcdrv.o [1]
Region$$Table$$Base    0x00006214          --   Gb  - Linker created -
Region$$Table$$Limit   0x00006238          --   Gb  - Linker created -
Reset_Handler          0x0000634d         Code  Wk  startup_efm32tg.o [1]
SENSITIVITY            0x00006270   0x18  Data  Lc  lmic.o [1]
SVC_Handler            0x0000641d         Code  Wk  startup_efm32tg.o [1]
SysTick_Handler        0x00006429         Code  Wk  startup_efm32tg.o [1]
SystemCoreClock        0x200002a4    0x4  Data  Gb  system_efm32tg.o [1]
SystemCoreClockGet     0x00003e4b   0x1a  Code  Gb  system_efm32tg.o [1]
SystemCoreClockUpdate  0x00004c49    0x8  Code  Lc  em_emu.o [1]
SystemCoreClockUpdate  0x00003905    0x8  Code  Lc  hal-efm32.o [1]
SystemHFClockGet       0x00003e65   0xa6  Code  Gb  system_efm32tg.o [1]
SystemHFXOClock        0x20000040    0x4  Data  Lc  system_efm32tg.o [1]
SystemInit             0x00003f0b    0x2  Code  Gb  system_efm32tg.o [1]
SystemLFRCOClockGet    0x00003f0d    0x6  Code  Gb  system_efm32tg.o [1]
SystemLFXOClock        0x20000044    0x4  Data  Lc  system_efm32tg.o [1]
SystemLFXOClockGet     0x00003f19    0x6  Code  Gb  system_efm32tg.o [1]
SystemULFRCOClockGet   0x00003f13    0x6  Code  Gb  system_efm32tg.o [1]
TIMER0_IRQHandler      0x00006431         Code  Wk  startup_efm32tg.o [1]
TIMER1_IRQHandler      0x00006451         Code  Wk  startup_efm32tg.o [1]
TXPOWLEVELS            0x0000632c   0x10  Data  Lc  lmic.o [1]
USART0_RX_IRQHandler   0x00006435         Code  Wk  startup_efm32tg.o [1]
USART0_TX_IRQHandler   0x00006439         Code  Wk  startup_efm32tg.o [1]
USART1_RX_IRQHandler   0x00006455         Code  Wk  startup_efm32tg.o [1]
USART1_TX_IRQHandler   0x00006459         Code  Wk  startup_efm32tg.o [1]
USART_BaudrateSyncSet  0x00004935   0x42  Code  Gb  em_usart.o [1]
USART_InitSync         0x00004977   0x82  Code  Gb  em_usart.o [1]
USART_Reset            0x000049f9   0x54  Code  Gb  em_usart.o [1]
USART_Rx               0x00004a65    0xc  Code  Gb  em_usart.o [1]
USART_Tx               0x00004a71    0xc  Code  Gb  em_usart.o [1]
UsageFault_Handler     0x00006419         Code  Wk  startup_efm32tg.o [1]
VCMP_IRQHandler        0x00006471         Code  Wk  startup_efm32tg.o [1]
_DR2RPS_CRC            0x000063a4    0xc  Data  Gb  lmic.o [1]
__Vectors              0x00000000          --   Gb  startup_efm32tg.o [1]
__Vectors_End          0x0000009c         Data  Gb  startup_efm32tg.o [1]
__Vectors_Size {Abs}   0x0000009c          --   Gb  startup_efm32tg.o [1]
__aeabi_ldiv0          0x00003e3d         Code  Gb  I64DivZer.o [4]
__aeabi_ldivmod        0x00002fd5         Code  Gb  I64DivMod.o [4]
__aeabi_memcpy         0x00003dc5         Code  Gb  ABImemcpy.o [4]
__aeabi_memcpy4        0x00003de5         Code  Gb  ABImemcpy.o [4]
__aeabi_memcpy8        0x00003de5         Code  Gb  ABImemcpy.o [4]
__aeabi_memset         0x00003d5d         Code  Gb  ABImemset.o [4]
__aeabi_uldivmod       0x00003019         Code  Gb  I64DivMod.o [4]
__cmain                0x00006289         Code  Gb  cmain.o [4]
__exit                 0x000062b5   0x14  Code  Gb  exit.o [5]
__iar_Memset           0x00003d5d         Code  Gb  ABImemset.o [4]
__iar_Memset_word      0x00003d65         Code  Gb  ABImemset.o [4]
__iar_copy_init3       0x00002fa7   0x2e  Code  Gb  copy_init3.o [4]
__iar_data_init3       0x000061ed   0x28  Code  Gb  data_init.o [4]
__iar_program_start    0x000063c9         Code  Gb  cstartup_M.o [4]
__iar_zero_init3       0x00003107   0x22  Code  Gb  zero_init3.o [4]
__low_level_init       0x0000629f    0x4  Code  Gb  low_level_init.o [3]
__vector_table         0x00000000         Data  Gb  startup_efm32tg.o [1]
__vector_table_0x1c    0x0000001c         Data  Gb  startup_efm32tg.o [1]
_call_main             0x00006295         Code  Gb  cmain.o [4]
_exit                  0x000062a9         Code  Gb  cexit.o [4]
_main                  0x0000629b         Code  Gb  cmain.o [4]
aes_appendMic          0x000001cd   0x46  Code  Lc  lmic.o [1]
aes_appendMic0         0x00000213   0x24  Code  Lc  lmic.o [1]
aes_cipher             0x00000283   0x74  Code  Lc  lmic.o [1]
aes_encrypt            0x00000267   0x1c  Code  Lc  lmic.o [1]
aes_sessKeys           0x000002f7   0x60  Code  Lc  lmic.o [1]
aes_verifyMic          0x0000017b   0x52  Code  Lc  lmic.o [1]
aes_verifyMic0         0x00000237   0x30  Code  Lc  lmic.o [1]
aesroundkeys           0x000024fd   0xc8  Code  Lc  aes.o [1]
buildDataFrame         0x000017a9  0x31c  Code  Lc  lmic.o [1]
buildJoinRequest       0x00001be1   0x4e  Code  Lc  lmic.o [1]
calcAirTime            0x0000037f   0xfe  Code  Gb  lmic.o [1]
calcBcnRxWindowFromMillis
                       0x000004ff   0x90  Code  Lc  lmic.o [1]
calcRxWindow           0x0000047d   0x82  Code  Lc  lmic.o [1]
cmuStatus              0x200002a8    0x2  Data  Lc  em_emu.o [1]
configChannel          0x00003295   0x44  Code  Lc  radio.o [1]
configLoraModem        0x000031e7   0xae  Code  Lc  radio.o [1]
configPower            0x000032d9   0x30  Code  Lc  radio.o [1]
convFreq               0x00000821   0x26  Code  Lc  lmic.o [1]
debug_buf              0x00003c0b   0x2e  Code  Gb  hal-efm32.o [1]
debug_char             0x00003be9    0x2  Code  Gb  hal-efm32.o [1]
debug_event            0x00003c8b   0x1c  Code  Gb  hal-efm32.o [1]
debug_hex              0x00003beb   0x20  Code  Gb  hal-efm32.o [1]
debug_init             0x00003bbb   0x1c  Code  Gb  hal-efm32.o [1]
debug_led              0x00003bd7   0x12  Code  Gb  hal-efm32.o [1]
debug_str              0x00003c55   0x16  Code  Gb  hal-efm32.o [1]
debug_uint             0x00003c39   0x1c  Code  Gb  hal-efm32.o [1]
debug_val              0x00003c6b   0x20  Code  Gb  hal-efm32.o [1]
decDR                  0x00003ce9   0x14  Code  Gb  lmic.o [1]
decodeBeacon           0x00000cf9   0xea  Code  Lc  lmic.o [1]
decodeFrame            0x00000e11  0x53a  Code  Lc  lmic.o [1]
deltaticks             0x00003b13   0x26  Code  Lc  hal-efm32.o [1]
dndr2rps               0x000038d5   0x16  Code  Gb  lmic.o [1]
engineUpdate           0x000020b1  0x2e8  Code  Lc  lmic.o [1]
exit                   0x000062a3    0x4  Code  Gb  exit.o [3]
getBw                  0x00002f87    0x8  Code  Gb  radio.o [1]
getCr                  0x00002f9f    0x8  Code  Gb  radio.o [1]
getErrataFixEmuE107En  0x00004ce3   0x32  Code  Lc  em_emu.o [1]
getIh                  0x00002f97    0x8  Code  Gb  radio.o [1]
getNocrc               0x00002f8f    0x8  Code  Gb  radio.o [1]
getSensitivity         0x00000357   0x28  Code  Gb  lmic.o [1]
getSf                  0x00002f81    0x6  Code  Gb  radio.o [1]
hal_checkTimer         0x00003b49   0x16  Code  Gb  hal-efm32.o [1]
hal_disableIRQs        0x00003b5f    0xe  Code  Gb  hal-efm32.o [1]
hal_enableIRQs         0x00003b6d   0x12  Code  Gb  hal-efm32.o [1]
hal_failed             0x00003baf    0xc  Code  Gb  hal-efm32.o [1]
hal_init               0x00003b89   0x26  Code  Gb  hal-efm32.o [1]
hal_io_init            0x0000398b   0x78  Code  Lc  hal-efm32.o [1]
hal_pin_nss            0x00003a19   0x12  Code  Gb  hal-efm32.o [1]
hal_pin_rst            0x00003a2b    0x2  Code  Gb  hal-efm32.o [1]
hal_pin_rxtx           0x00003a03   0x16  Code  Gb  hal-efm32.o [1]
hal_sleep              0x00003b7f    0xa  Code  Gb  hal-efm32.o [1]
hal_spi                0x00003ab1   0x16  Code  Gb  hal-efm32.o [1]
hal_spi_init           0x00003a2d   0x84  Code  Lc  hal-efm32.o [1]
hal_ticks              0x00003af9   0x1a  Code  Gb  hal-efm32.o [1]
hal_time_init          0x00003ae1   0x18  Code  Lc  hal-efm32.o [1]
hal_waitUntil          0x00003b39   0x10  Code  Gb  hal-efm32.o [1]
iniChannelFreq         0x00006194   0x30  Data  Lc  lmic.o [1]
initDefaultChannels    0x00000775   0xac  Code  Lc  lmic.o [1]
initJoinLoop           0x00000b39   0x44  Code  Lc  lmic.o [1]
initfunc               0x00002ee1    0xe  Code  Lc  main.o [1]
isFasterDR             0x000038c3   0x12  Code  Gb  lmic.o [1]
isSlowerDR             0x000038b1   0x12  Code  Gb  lmic.o [1]
jreqDone               0x0000170b   0x12  Code  Lc  lmic.o [1]
lowerDR                0x00003d19   0x22  Code  Gb  lmic.o [1]
main                   0x00002eef   0x14  Code  Gb  main.o [1]
mapChannels            0x000008b7   0x52  Code  Lc  lmic.o [1]
memcpy                 0x000024e7   0x16  Code  Gb  main.o [1]
memset                 0x000024d1   0x16  Code  Gb  oslmic.o [1]
micB0                  0x00000131   0x4a  Code  Lc  lmic.o [1]
nextJoinState          0x00000b7d   0xc2  Code  Lc  lmic.o [1]
nextTx                 0x000009a5  0x158  Code  Lc  lmic.o [1]
onBcnRx                0x00001ac9   0x92  Code  Lc  lmic.o [1]
onEvent                0x00002f03   0x62  Code  Gb  main.o [1]
onJoinFailed           0x000014c1    0xc  Code  Lc  lmic.o [1]
opmode                 0x000031ab   0x1c  Code  Lc  radio.o [1]
opmodeFSK              0x000031d7   0x10  Code  Lc  radio.o [1]
opmodeLora             0x000031c7   0x10  Code  Lc  radio.o [1]
os_aes                 0x000025c5  0x8ca  Code  Gb  aes.o [1]
os_clearCallback       0x000037b9   0x2e  Code  Gb  oslmic.o [1]
os_crc16               0x00000103   0x2e  Code  Gb  lmic.o [1]
os_getArtEui           0x00002eb1   0x10  Code  Gb  main.o [1]
os_getBattLevel        0x000000ff    0x4  Code  Gb  lmic.o [1]
os_getDevEui           0x00002ec1   0x10  Code  Gb  main.o [1]
os_getDevKey           0x00002ed1   0x10  Code  Gb  main.o [1]
os_getTime             0x00003793    0x8  Code  Gb  oslmic.o [1]
os_init                0x00003779   0x1a  Code  Gb  oslmic.o [1]
os_radio               0x0000373d   0x3c  Code  Gb  radio.o [1]
os_rlsbf2              0x0000009d    0xc  Code  Gb  lmic.o [1]
os_rlsbf4              0x000000a9   0x16  Code  Gb  lmic.o [1]
os_rmsbf4              0x000000bf   0x16  Code  Gb  lmic.o [1]
os_runloop             0x00003851   0x56  Code  Gb  oslmic.o [1]
os_setCallback         0x000037e7   0x2c  Code  Gb  oslmic.o [1]
os_setTimedCallback    0x00003813   0x3e  Code  Gb  oslmic.o [1]
os_wlsbf2              0x000000d5    0xa  Code  Gb  lmic.o [1]
os_wlsbf4              0x000000df   0x10  Code  Gb  lmic.o [1]
os_wmsbf4              0x000000ef   0x10  Code  Gb  lmic.o [1]
processBeacon          0x00001ea9  0x1b8  Code  Lc  lmic.o [1]
processDnData          0x00001ce5  0x1b6  Code  Lc  lmic.o [1]
processJoinAccept      0x000014cd  0x20c  Code  Lc  lmic.o [1]
processPingRx          0x00001caf   0x30  Code  Lc  lmic.o [1]
processRx1DnData       0x00001751   0x26  Code  Lc  lmic.o [1]
processRx1Jacc         0x000016dd   0x20  Code  Lc  lmic.o [1]
processRx2DnData       0x0000171d   0x20  Code  Lc  lmic.o [1]
radio_init             0x0000364d   0xa6  Code  Gb  radio.o [1]
radio_rand1            0x000036f3   0x34  Code  Gb  radio.o [1]
randbuf                0x2000027c   0x10  Data  Lc  radio.o [1]
readReg                0x0000314f   0x26  Code  Lc  radio.o [1]
reportEvent            0x00000c49   0x12  Code  Lc  lmic.o [1]
rndDelay               0x000006a7   0x4c  Code  Lc  lmic.o [1]
rtcCb                  0x2000029c    0x4  Data  Lc  rtcdrv.o [1]
rtcFreq                0x200002a0    0x4  Data  Lc  rtcdrv.o [1]
rtcInitialized         0x200002aa    0x1  Data  Lc  rtcdrv.o [1]
runEngineUpdate        0x00000c3f    0xa  Code  Lc  lmic.o [1]
rxfsk                  0x00003551   0xc8  Code  Lc  radio.o [1]
rxlora                 0x0000349d   0xb4  Code  Lc  radio.o [1]
rxlorairqmask          0x00006404    0x4  Data  Lc  radio.o [1]
rxschedInit            0x0000058f   0xac  Code  Lc  lmic.o [1]
rxschedNext            0x0000063b   0x6c  Code  Lc  lmic.o [1]
schedRx2               0x00001389   0x40  Code  Lc  lmic.o [1]
setBcnRxParams         0x00000afd   0x3c  Code  Lc  lmic.o [1]
setCr                  0x00003d4d   0x10  Code  Gb  lmic.o [1]
setDrJoin              0x00000739    0xa  Code  Lc  lmic.o [1]
setDrTxpow             0x00000743   0x32  Code  Lc  lmic.o [1]
setIh                  0x000038f9    0xa  Code  Gb  lmic.o [1]
setNocrc               0x000038eb    0xe  Code  Gb  lmic.o [1]
setpin                 0x00003965   0x26  Code  Lc  hal-efm32.o [1]
setupChannel           0x00000847   0x70  Code  Lc  lmic.o [1]
setupRx1               0x000013c9   0x38  Code  Lc  lmic.o [1]
setupRx1DnData         0x00001777    0xe  Code  Lc  lmic.o [1]
setupRx1Jacc           0x000016fd    0xe  Code  Lc  lmic.o [1]
setupRx2               0x0000134b   0x3e  Code  Lc  lmic.o [1]
setupRx2DnData         0x0000173d   0x14  Code  Lc  lmic.o [1]
startJoining           0x00001c2f    0xc  Code  Lc  lmic.o [1]
startRxBcn             0x00002065   0x16  Code  Lc  lmic.o [1]
startRxPing            0x00002081   0x16  Code  Lc  lmic.o [1]
startScan              0x00001b5b   0x7c  Code  Lc  lmic.o [1]
startrx                0x00003619   0x34  Code  Lc  radio.o [1]
starttx                0x00003471   0x2c  Code  Lc  radio.o [1]
stateJustJoined        0x00000c5b   0x92  Code  Lc  lmic.o [1]
txDelay                0x000006f3   0x46  Code  Lc  lmic.o [1]
txDone                 0x00001405   0x9e  Code  Lc  lmic.o [1]
txfsk                  0x00003309   0xce  Code  Lc  radio.o [1]
txlora                 0x000033d7   0x9a  Code  Lc  radio.o [1]
unlinkjob              0x0000379b   0x1e  Code  Lc  oslmic.o [1]
updataDone             0x00001785   0x12  Code  Lc  lmic.o [1]
updateTx               0x00000909   0x9c  Code  Lc  lmic.o [1]
updr2rps               0x00003d3d   0x10  Code  Gb  lmic.o [1]
validDR                0x00003cfd   0x1c  Code  Gb  lmic.o [1]
writeBuf               0x00003175   0x36  Code  Lc  radio.o [1]
writeReg               0x00003129   0x26  Code  Lc  radio.o [1]


[1] = C:\Users\Administrador\Documents\GitHub\lmic\examples EFM32\transmit\Debug\Obj
[2] = command line
[3] = dl7M_tln.a
[4] = rt7M_tl.a
[5] = shb_l.a

  20 320 bytes of readonly  code memory
   5 480 bytes of readonly  data memory
   1 707 bytes of readwrite data memory

Errors: none
Warnings: none
