###############################################################################
#                                                                             #
# IAR ELF Linker V6.50.5.4819/W32 for ARM               18/Feb/2015  17:08:21 #
# Copyright 2007-2013 IAR Systems AB.                                         #
#                                                                             #
#    Output file  =  C:\Users\Administrador\Documents\GitHub\lmic\examples    #
#                    EFM32\beacon\Debug\Exe\beacon.out                        #
#    Map file     =  C:\Users\Administrador\Documents\GitHub\lmic\examples    #
#                    EFM32\beacon\Debug\List\beacon.map                       #
#    Command line =  "C:\Users\Administrador\Documents\GitHub\lmic\examples   #
#                    EFM32\beacon\Debug\Obj\aes.o"                            #
#                    "C:\Users\Administrador\Documents\GitHub\lmic\examples   #
#                    EFM32\beacon\Debug\Obj\em_acmp.o"                        #
#                    "C:\Users\Administrador\Documents\GitHub\lmic\examples   #
#                    EFM32\beacon\Debug\Obj\em_adc.o"                         #
#                    "C:\Users\Administrador\Documents\GitHub\lmic\examples   #
#                    EFM32\beacon\Debug\Obj\em_aes.o"                         #
#                    "C:\Users\Administrador\Documents\GitHub\lmic\examples   #
#                    EFM32\beacon\Debug\Obj\em_assert.o"                      #
#                    "C:\Users\Administrador\Documents\GitHub\lmic\examples   #
#                    EFM32\beacon\Debug\Obj\em_burtc.o"                       #
#                    "C:\Users\Administrador\Documents\GitHub\lmic\examples   #
#                    EFM32\beacon\Debug\Obj\em_cmu.o"                         #
#                    "C:\Users\Administrador\Documents\GitHub\lmic\examples   #
#                    EFM32\beacon\Debug\Obj\em_dac.o"                         #
#                    "C:\Users\Administrador\Documents\GitHub\lmic\examples   #
#                    EFM32\beacon\Debug\Obj\em_dbg.o"                         #
#                    "C:\Users\Administrador\Documents\GitHub\lmic\examples   #
#                    EFM32\beacon\Debug\Obj\em_dma.o"                         #
#                    "C:\Users\Administrador\Documents\GitHub\lmic\examples   #
#                    EFM32\beacon\Debug\Obj\em_ebi.o"                         #
#                    "C:\Users\Administrador\Documents\GitHub\lmic\examples   #
#                    EFM32\beacon\Debug\Obj\em_emu.o"                         #
#                    "C:\Users\Administrador\Documents\GitHub\lmic\examples   #
#                    EFM32\beacon\Debug\Obj\em_gpio.o"                        #
#                    "C:\Users\Administrador\Documents\GitHub\lmic\examples   #
#                    EFM32\beacon\Debug\Obj\em_i2c.o"                         #
#                    "C:\Users\Administrador\Documents\GitHub\lmic\examples   #
#                    EFM32\beacon\Debug\Obj\em_idac.o"                        #
#                    "C:\Users\Administrador\Documents\GitHub\lmic\examples   #
#                    EFM32\beacon\Debug\Obj\em_int.o"                         #
#                    "C:\Users\Administrador\Documents\GitHub\lmic\examples   #
#                    EFM32\beacon\Debug\Obj\em_lcd.o"                         #
#                    "C:\Users\Administrador\Documents\GitHub\lmic\examples   #
#                    EFM32\beacon\Debug\Obj\em_lesense.o"                     #
#                    "C:\Users\Administrador\Documents\GitHub\lmic\examples   #
#                    EFM32\beacon\Debug\Obj\em_letimer.o"                     #
#                    "C:\Users\Administrador\Documents\GitHub\lmic\examples   #
#                    EFM32\beacon\Debug\Obj\em_leuart.o"                      #
#                    "C:\Users\Administrador\Documents\GitHub\lmic\examples   #
#                    EFM32\beacon\Debug\Obj\em_mpu.o"                         #
#                    "C:\Users\Administrador\Documents\GitHub\lmic\examples   #
#                    EFM32\beacon\Debug\Obj\em_msc.o"                         #
#                    "C:\Users\Administrador\Documents\GitHub\lmic\examples   #
#                    EFM32\beacon\Debug\Obj\em_opamp.o"                       #
#                    "C:\Users\Administrador\Documents\GitHub\lmic\examples   #
#                    EFM32\beacon\Debug\Obj\em_pcnt.o"                        #
#                    "C:\Users\Administrador\Documents\GitHub\lmic\examples   #
#                    EFM32\beacon\Debug\Obj\em_prs.o"                         #
#                    "C:\Users\Administrador\Documents\GitHub\lmic\examples   #
#                    EFM32\beacon\Debug\Obj\em_rmu.o"                         #
#                    "C:\Users\Administrador\Documents\GitHub\lmic\examples   #
#                    EFM32\beacon\Debug\Obj\em_rtc.o"                         #
#                    "C:\Users\Administrador\Documents\GitHub\lmic\examples   #
#                    EFM32\beacon\Debug\Obj\em_system.o"                      #
#                    "C:\Users\Administrador\Documents\GitHub\lmic\examples   #
#                    EFM32\beacon\Debug\Obj\em_timer.o"                       #
#                    "C:\Users\Administrador\Documents\GitHub\lmic\examples   #
#                    EFM32\beacon\Debug\Obj\em_usart.o"                       #
#                    "C:\Users\Administrador\Documents\GitHub\lmic\examples   #
#                    EFM32\beacon\Debug\Obj\em_vcmp.o"                        #
#                    "C:\Users\Administrador\Documents\GitHub\lmic\examples   #
#                    EFM32\beacon\Debug\Obj\em_wdog.o"                        #
#                    "C:\Users\Administrador\Documents\GitHub\lmic\examples   #
#                    EFM32\beacon\Debug\Obj\hal-efm32.o"                      #
#                    "C:\Users\Administrador\Documents\GitHub\lmic\examples   #
#                    EFM32\beacon\Debug\Obj\lmic.o"                           #
#                    "C:\Users\Administrador\Documents\GitHub\lmic\examples   #
#                    EFM32\beacon\Debug\Obj\main.o"                           #
#                    "C:\Users\Administrador\Documents\GitHub\lmic\examples   #
#                    EFM32\beacon\Debug\Obj\oslmic.o"                         #
#                    "C:\Users\Administrador\Documents\GitHub\lmic\examples   #
#                    EFM32\beacon\Debug\Obj\radio.o"                          #
#                    "C:\Users\Administrador\Documents\GitHub\lmic\examples   #
#                    EFM32\beacon\Debug\Obj\rtcdrv.o"                         #
#                    "C:\Users\Administrador\Documents\GitHub\lmic\examples   #
#                    EFM32\beacon\Debug\Obj\startup_efm32tg.o"                #
#                    "C:\Users\Administrador\Documents\GitHub\lmic\examples   #
#                    EFM32\beacon\Debug\Obj\system_efm32tg.o" -o              #
#                    "C:\Users\Administrador\Documents\GitHub\lmic\examples   #
#                    EFM32\beacon\Debug\Exe\beacon.out" --map                 #
#                    "C:\Users\Administrador\Documents\GitHub\lmic\examples   #
#                    EFM32\beacon\Debug\List\beacon.map" --config             #
#                    "C:\Program Files (x86)\IAR Systems\Embedded Workbench   #
#                    6.0 Kickstart\arm\config\linker\ST\stm32l152xB.icf"      #
#                    --semihosting --entry __iar_program_start --redirect     #
#                    __iar_sh_stdout=__iar_sh_stdout_swo --vfe                #
#                                                                             #
#                                                                             #
###############################################################################

*******************************************************************************
*** RUNTIME MODEL ATTRIBUTES
***

CppFlavor       = *
__SystemLibrary = DLib


*******************************************************************************
*** PLACEMENT SUMMARY
***

"A1":  place at 0x08000000 { ro section .intvec };
"P1":  place in [from 0x08000000 to 0x0801ffff] { ro };
"P2":  place in [from 0x20000000 to 0x20003fff] { rw, block CSTACK, block HEAP };

  Section            Kind        Address    Size  Object
  -------            ----        -------    ----  ------
"A1":                                       0x9c
  .intvec            ro code  0x08000000    0x9c  startup_efm32tg.o [1]
                            - 0x0800009c    0x9c

"P1":                                     0x63c0
  .text              ro code  0x0800009c  0x23f4  lmic.o [1]
  .text              ro code  0x08002490    0x16  oslmic.o [1]
  .text              ro code  0x080024a6    0x16  main.o [1]
  .text              ro code  0x080024bc   0x9b4  aes.o [1]
  .text              ro code  0x08002e70    0xc0  main.o [1]
  .text              ro code  0x08002f30     0x6  radio.o [1]
  .text              ro code  0x08002f36     0x8  radio.o [1]
  .text              ro code  0x08002f3e     0x8  radio.o [1]
  .text              ro code  0x08002f46     0x8  radio.o [1]
  .text              ro code  0x08002f4e     0x8  radio.o [1]
  .text              ro code  0x08002f56    0x2e  copy_init3.o [4]
  .text              ro code  0x08002f84   0x132  I64DivMod.o [4]
  .text              ro code  0x080030b6    0x22  zero_init3.o [4]
  .text              ro code  0x080030d8   0x650  radio.o [1]
  .text              ro code  0x08003728   0x138  oslmic.o [1]
  .text              ro code  0x08003860    0x12  lmic.o [1]
  .text              ro code  0x08003872    0x12  lmic.o [1]
  .text              ro code  0x08003884    0x16  lmic.o [1]
  .text              ro code  0x0800389a     0xe  lmic.o [1]
  .text              ro code  0x080038a8     0xa  lmic.o [1]
  .text              ro code  0x080038b4   0x3b8  hal-efm32.o [1]
  .text              ro code  0x08003c6c    0x14  lmic.o [1]
  .text              ro code  0x08003c80    0x1c  lmic.o [1]
  .text              ro code  0x08003c9c    0x22  lmic.o [1]
  .text              ro code  0x08003cc0    0x10  lmic.o [1]
  .text              ro code  0x08003cd0    0x10  lmic.o [1]
  .text              ro code  0x08003ce0    0x66  ABImemset.o [4]
  .text              ro code  0x08003d48    0x76  ABImemcpy.o [4]
  .text              ro code  0x08003dc0     0x2  I64DivZer.o [4]
  .text              ro code  0x08003dc4   0x11c  system_efm32tg.o [1]
  .text              ro code  0x08003ee0   0x8f4  em_cmu.o [1]
  .text              ro code  0x080047d4    0xe4  em_gpio.o [1]
  .text              ro code  0x080048b8   0x148  em_usart.o [1]
  .text              ro code  0x08004a00    0x84  em_rtc.o [1]
  .text              ro code  0x08004a84   0x148  rtcdrv.o [1]
  .text              ro code  0x08004bcc   0x164  em_emu.o [1]
  .rodata            const    0x08004d30   0x400  aes.o [1]
  .rodata            const    0x08005130   0x400  aes.o [1]
  .rodata            const    0x08005530   0x400  aes.o [1]
  .rodata            const    0x08005930   0x400  aes.o [1]
  .rodata            const    0x08005d30   0x200  lmic.o [1]
  .rodata            const    0x08005f30   0x100  aes.o [1]
  .text              ro code  0x08006030    0xb8  em_dma.o [1]
  .rodata            const    0x080060e8    0x30  hal-efm32.o [1]
  .rodata            const    0x08006118    0x30  lmic.o [1]
  .rodata            const    0x08006148    0x28  aes.o [1]
  .text              ro code  0x08006170    0x28  data_init.o [4]
  .iar.init_table    const    0x08006198    0x24  - Linker created -
  .rodata            const    0x080061bc    0x20  lmic.o [1]
  .rodata            const    0x080061dc    0x18  hal-efm32.o [1]
  .rodata            const    0x080061f4    0x18  lmic.o [1]
  .text              ro code  0x0800620c    0x16  cmain.o [4]
  .text              ro code  0x08006222     0x4  low_level_init.o [3]
  .text              ro code  0x08006226     0x4  exit.o [3]
  .text              ro code  0x0800622c     0xa  cexit.o [4]
  .text              ro code  0x08006238    0x14  exit.o [5]
  .rodata            const    0x0800624c    0x14  hal-efm32.o [1]
  .rodata            const    0x08006260    0x10  hal-efm32.o [1]
  .rodata            const    0x08006270    0x10  hal-efm32.o [1]
  .rodata            const    0x08006280    0x10  hal-efm32.o [1]
  .rodata            const    0x08006290    0x10  hal-efm32.o [1]
  .rodata            const    0x080062a0    0x10  hal-efm32.o [1]
  .rodata            const    0x080062b0    0x10  lmic.o [1]
  .rodata            const    0x080062c0    0x10  main.o [1]
  .rodata            const    0x080062d0    0x10  main.o [1]
  .text              ro code  0x080062e0    0x10  startup_efm32tg.o [1]
  .rodata            const    0x080062f0     0xc  hal-efm32.o [1]
  .rodata            const    0x080062fc     0xc  hal-efm32.o [1]
  .rodata            const    0x08006308     0xc  hal-efm32.o [1]
  .rodata            const    0x08006314     0xc  hal-efm32.o [1]
  .rodata            const    0x08006320     0xc  hal-efm32.o [1]
  .rodata            const    0x0800632c     0xc  hal-efm32.o [1]
  .rodata            const    0x08006338     0xc  lmic.o [1]
  .rodata            const    0x08006344     0xc  lmic.o [1]
  .rodata            const    0x08006350     0xc  main.o [1]
  .text              ro code  0x0800635c     0xc  cstartup_M.o [4]
  .rodata            const    0x08006368     0x8  hal-efm32.o [1]
  .rodata            const    0x08006370     0x8  hal-efm32.o [1]
  .rodata            const    0x08006378     0x8  hal-efm32.o [1]
  .rodata            const    0x08006380     0x8  hal-efm32.o [1]
  .rodata            const    0x08006388     0x8  main.o [1]
  .rodata            const    0x08006390     0x8  main.o [1]
  .rodata            const    0x08006398     0x4  radio.o [1]
  .text              ro code  0x0800639c     0x4  startup_efm32tg.o [1]
  .text              ro code  0x080063a0     0x4  startup_efm32tg.o [1]
  .text              ro code  0x080063a4     0x4  startup_efm32tg.o [1]
  .text              ro code  0x080063a8     0x4  startup_efm32tg.o [1]
  .text              ro code  0x080063ac     0x4  startup_efm32tg.o [1]
  .text              ro code  0x080063b0     0x4  startup_efm32tg.o [1]
  .text              ro code  0x080063b4     0x4  startup_efm32tg.o [1]
  .text              ro code  0x080063b8     0x4  startup_efm32tg.o [1]
  .text              ro code  0x080063bc     0x4  startup_efm32tg.o [1]
  .text              ro code  0x080063c0     0x4  startup_efm32tg.o [1]
  .text              ro code  0x080063c4     0x4  startup_efm32tg.o [1]
  .text              ro code  0x080063c8     0x4  startup_efm32tg.o [1]
  .text              ro code  0x080063cc     0x4  startup_efm32tg.o [1]
  .text              ro code  0x080063d0     0x4  startup_efm32tg.o [1]
  .text              ro code  0x080063d4     0x4  startup_efm32tg.o [1]
  .text              ro code  0x080063d8     0x4  startup_efm32tg.o [1]
  .text              ro code  0x080063dc     0x4  startup_efm32tg.o [1]
  .text              ro code  0x080063e0     0x4  startup_efm32tg.o [1]
  .text              ro code  0x080063e4     0x4  startup_efm32tg.o [1]
  .text              ro code  0x080063e8     0x4  startup_efm32tg.o [1]
  .text              ro code  0x080063ec     0x4  startup_efm32tg.o [1]
  .text              ro code  0x080063f0     0x4  startup_efm32tg.o [1]
  .text              ro code  0x080063f4     0x4  startup_efm32tg.o [1]
  .text              ro code  0x080063f8     0x4  startup_efm32tg.o [1]
  .text              ro code  0x080063fc     0x4  startup_efm32tg.o [1]
  .text              ro code  0x08006400     0x4  startup_efm32tg.o [1]
  .text              ro code  0x08006404     0x4  startup_efm32tg.o [1]
  .text              ro code  0x08006408     0x4  startup_efm32tg.o [1]
  .text              ro code  0x0800640c     0x4  startup_efm32tg.o [1]
  .text              ro code  0x08006410     0x4  startup_efm32tg.o [1]
  .rodata            const    0x08006414     0x0  zero_init3.o [4]
  .rodata            const    0x08006414     0x0  copy_init3.o [4]
  Initializer bytes  ro data  0x08006414    0x48  <for P2 s0>
                            - 0x0800645c  0x63c0

"P2", part 1 of 3:                          0x48
  P2 s0                       0x20000000    0x48  <Init block>
    .data            inited   0x20000000    0x40  hal-efm32.o [1]
    .data            inited   0x20000040     0x4  system_efm32tg.o [1]
    .data            inited   0x20000044     0x4  system_efm32tg.o [1]
                            - 0x20000048    0x48

"P2", part 2 of 3:                         0x268
  .bss               zero     0x20000048   0x174  lmic.o [1]
  .bss               zero     0x200001bc    0xb0  aes.o [1]
  .bss               zero     0x2000026c    0x10  aes.o [1]
  .bss               zero     0x2000027c    0x10  radio.o [1]
  .bss               zero     0x2000028c     0x8  hal-efm32.o [1]
  .bss               zero     0x20000294     0x8  oslmic.o [1]
  .bss               zero     0x2000029c     0x4  rtcdrv.o [1]
  .bss               zero     0x200002a0     0x4  rtcdrv.o [1]
  .bss               zero     0x200002a4     0x4  system_efm32tg.o [1]
  .bss               zero     0x200002a8     0x2  em_emu.o [1]
  .bss               zero     0x200002aa     0x1  rtcdrv.o [1]
                            - 0x200002ab   0x263

"P2", part 3 of 3:                         0x800
  CSTACK                      0x200002b0   0x800  <Block>
    CSTACK           uninit   0x200002b0   0x800  <Block tail>
                            - 0x20000ab0   0x800


*******************************************************************************
*** INIT TABLE
***

          Address     Size
          -------     ----
Zero (__iar_zero_init3)
    1 destination range, total size 0x263:
          0x20000048  0x263

Copy (__iar_copy_init3)
    1 source range, total size 0x48:
          0x08006414   0x48
    1 destination range, total size 0x48:
          0x20000000   0x48



*******************************************************************************
*** MODULE SUMMARY
***

    Module             ro code  ro data  rw data
    ------             -------  -------  -------
C:\Users\Administrador\Documents\GitHub\lmic\examples EFM32\beacon\Debug\Obj: [1]
    aes.o                2 484    4 392      192
    em_cmu.o             2 292
    em_dma.o               184
    em_emu.o               356                 2
    em_gpio.o              228
    em_rtc.o               132
    em_usart.o             328
    hal-efm32.o            952      340       72
    lmic.o               9 400      656      372
    main.o                 214       60
    oslmic.o               334                 8
    radio.o              1 654        4       16
    rtcdrv.o               328                 9
    startup_efm32tg.o      292
    system_efm32tg.o       284        8       12
    --------------------------------------------
    Total:              19 462    5 460      683

command line: [2]
    --------------------------------------------
    Total:

dl7M_tln.a: [3]
    exit.o                   4
    low_level_init.o         4
    --------------------------------------------
    Total:                   8

rt7M_tl.a: [4]
    ABImemcpy.o            118
    ABImemset.o            102
    I64DivMod.o            306
    I64DivZer.o              2
    cexit.o                 10
    cmain.o                 22
    copy_init3.o            46
    cstartup_M.o            12
    data_init.o             40
    zero_init3.o            34
    --------------------------------------------
    Total:                 692

shb_l.a: [5]
    exit.o                  20
    --------------------------------------------
    Total:                  20

    Gaps                    14
    Linker created                   36    2 048
------------------------------------------------
    Grand Total:        20 196    5 496    2 731


*******************************************************************************
*** ENTRY LIST
***

Entry                     Address   Size  Type      Object
-----                     -------   ----  ----      ------
?main                  0x0800620d         Code  Gb  cmain.o [4]
ACMP0_IRQHandler       0x080063d1         Code  Wk  startup_efm32tg.o [1]
ADC0_IRQHandler        0x080063d5         Code  Wk  startup_efm32tg.o [1]
AESAUX                 0x2000026c   0x10  Data  Gb  aes.o [1]
AESKEY                 0x200001bc   0xb0  Data  Gb  aes.o [1]
AES_E1                 0x08004d30  0x400  Data  Lc  aes.o [1]
AES_E2                 0x08005130  0x400  Data  Lc  aes.o [1]
AES_E3                 0x08005530  0x400  Data  Lc  aes.o [1]
AES_E4                 0x08005930  0x400  Data  Lc  aes.o [1]
AES_IRQHandler         0x08006411         Code  Wk  startup_efm32tg.o [1]
AES_RCON               0x08006148   0x28  Data  Lc  aes.o [1]
AES_S                  0x08005f30  0x100  Data  Lc  aes.o [1]
APPEUI                 0x08006388    0x8  Data  Lc  main.o [1]
BITBAND_Peripheral     0x08003ee1    0xe  Code  Lc  em_cmu.o [1]
BITBAND_Peripheral     0x08004a01    0xe  Code  Lc  em_rtc.o [1]
BusFault_Handler       0x080063a9         Code  Wk  startup_efm32tg.o [1]
CHIP_Init              0x080038bd    0x2  Code  Lc  hal-efm32.o [1]
CMU_AUXClkGet          0x08003f95   0x64  Code  Lc  em_cmu.o [1]
CMU_ClockDivSet        0x080040b5  0x1bc  Code  Gb  em_cmu.o [1]
CMU_ClockEnable        0x08004271   0x86  Code  Gb  em_cmu.o [1]
CMU_ClockFreqGet       0x080042f7  0x14c  Code  Gb  em_cmu.o [1]
CMU_ClockSelectGet     0x08004443   0xf2  Code  Gb  em_cmu.o [1]
CMU_ClockSelectSet     0x08004535  0x176  Code  Gb  em_cmu.o [1]
CMU_DBGClkGet          0x08003ff9   0x30  Code  Lc  em_cmu.o [1]
CMU_DivToLog2          0x08003f1f   0x20  Code  Lc  em_cmu.o [1]
CMU_FlashWaitStateControl
                       0x08003f3f   0x56  Code  Lc  em_cmu.o [1]
CMU_FlashWaitStateMax  0x08003eef   0x30  Code  Lc  em_cmu.o [1]
CMU_IRQHandler         0x08006401         Code  Wk  startup_efm32tg.o [1]
CMU_LFClkGet           0x08004029   0x76  Code  Lc  em_cmu.o [1]
CMU_Lock               0x08004bd5    0x8  Code  Lc  em_emu.o [1]
CMU_OscillatorEnable   0x080046c9   0x9c  Code  Gb  em_cmu.o [1]
CMU_Sync               0x0800409f   0x16  Code  Lc  em_cmu.o [1]
CMU_Unlock             0x08004bdd    0xa  Code  Lc  em_emu.o [1]
CRC_TABLE              0x08005d30  0x200  Data  Lc  lmic.o [1]
CSTACK$$Base           0x200002b0          --   Gb  - Linker created -
CSTACK$$Limit          0x20000ab0          --   Gb  - Linker created -
DAC0_IRQHandler        0x080063d9         Code  Wk  startup_efm32tg.o [1]
DEVEUI                 0x08006390    0x8  Data  Lc  main.o [1]
DEVKEY                 0x080062d0   0x10  Data  Lc  main.o [1]
DMA_IRQHandler         0x08006031   0xa4  Code  Gb  em_dma.o [1]
DR2HSYM_osticks        0x080061bc   0x20  Data  Lc  lmic.o [1]
DRADJUST               0x08006344    0xc  Data  Lc  lmic.o [1]
DebugMon_Handler       0x080063b5         Code  Wk  startup_efm32tg.o [1]
EMU_EnterEM2           0x08004c99   0x5e  Code  Gb  em_emu.o [1]
EMU_Restore            0x08004be7   0x80  Code  Lc  em_emu.o [1]
EMU_UpdateOscConfig    0x08004cf7    0xa  Code  Gb  em_emu.o [1]
GPIO_EVEN_IRQHandler   0x080063c1         Code  Wk  startup_efm32tg.o [1]
GPIO_ODD_IRQHandler    0x080063e1         Code  Wk  startup_efm32tg.o [1]
GPIO_PinModeSet        0x080047d5   0xde  Code  Gb  em_gpio.o [1]
GPIO_PinOutClear       0x080038bf   0x26  Code  Lc  hal-efm32.o [1]
GPIO_PinOutSet         0x080038e5   0x24  Code  Lc  hal-efm32.o [1]
GetProdRev             0x08003dc5    0xa  Code  Lc  system_efm32tg.o [1]
HAL                    0x2000028c    0x8  Data  Lc  hal-efm32.o [1]
HardFault_Handler      0x080063a1         Code  Wk  startup_efm32tg.o [1]
I2C0_IRQHandler        0x080063dd         Code  Wk  startup_efm32tg.o [1]
LCD_IRQHandler         0x08006409         Code  Wk  startup_efm32tg.o [1]
LESENSE_IRQHandler     0x080063f1         Code  Wk  startup_efm32tg.o [1]
LETIMER0_IRQHandler    0x080063f9         Code  Wk  startup_efm32tg.o [1]
LEUART0_IRQHandler     0x080063f5         Code  Wk  startup_efm32tg.o [1]
LMIC                   0x20000048  0x174  Data  Gb  lmic.o [1]
LMIC_enableTracking    0x08001be1   0x2e  Code  Gb  lmic.o [1]
LMIC_init              0x0800243f    0xa  Code  Gb  lmic.o [1]
LMIC_reset             0x080023dd   0x62  Code  Gb  lmic.o [1]
LMIC_startJoining      0x08001c69   0x74  Code  Gb  lmic.o [1]
MSC_IRQHandler         0x0800640d         Code  Wk  startup_efm32tg.o [1]
MemManage_Handler      0x080063a5         Code  Wk  startup_efm32tg.o [1]
NMI_Handler            0x0800639d         Code  Wk  startup_efm32tg.o [1]
NVIC_ClearPendingIRQ   0x08004a9d   0x18  Code  Lc  rtcdrv.o [1]
NVIC_EnableIRQ         0x08004a85   0x18  Code  Lc  rtcdrv.o [1]
OS                     0x20000294    0x8  Data  Lc  oslmic.o [1]
PCNT0_IRQHandler       0x080063fd         Code  Wk  startup_efm32tg.o [1]
PendSV_Handler         0x080063b9         Code  Wk  startup_efm32tg.o [1]
RTCDRV_CallBack        0x08003a77   0x1a  Code  Gb  hal-efm32.o [1]
RTCDRV_Setup           0x08004ad3   0x64  Code  Gb  rtcdrv.o [1]
RTCDRV_Trigger         0x08004b5b   0x48  Code  Gb  rtcdrv.o [1]
RTC_CompareSet         0x08004a0f   0x2e  Code  Gb  em_rtc.o [1]
RTC_Enable             0x08004a3d   0x12  Code  Gb  em_rtc.o [1]
RTC_IRQHandler         0x08004b37   0x24  Code  Gb  rtcdrv.o [1]
RTC_Init               0x08004a4f   0x2a  Code  Gb  em_rtc.o [1]
RTC_IntClear           0x08004ab5    0x6  Code  Lc  rtcdrv.o [1]
RTC_IntDisable         0x08004abb    0xc  Code  Lc  rtcdrv.o [1]
RTC_IntEnable          0x08003909    0xc  Code  Lc  hal-efm32.o [1]
RTC_IntEnable          0x08004ac7    0xc  Code  Lc  rtcdrv.o [1]
Region$$Table$$Base    0x08006198          --   Gb  - Linker created -
Region$$Table$$Limit   0x080061bc          --   Gb  - Linker created -
Reset_Handler          0x080062e1         Code  Wk  startup_efm32tg.o [1]
SENSITIVITY            0x080061f4   0x18  Data  Lc  lmic.o [1]
SVC_Handler            0x080063b1         Code  Wk  startup_efm32tg.o [1]
SysTick_Handler        0x080063bd         Code  Wk  startup_efm32tg.o [1]
SystemCoreClock        0x200002a4    0x4  Data  Gb  system_efm32tg.o [1]
SystemCoreClockGet     0x08003dcf   0x1a  Code  Gb  system_efm32tg.o [1]
SystemCoreClockUpdate  0x08004bcd    0x8  Code  Lc  em_emu.o [1]
SystemCoreClockUpdate  0x080038b5    0x8  Code  Lc  hal-efm32.o [1]
SystemHFClockGet       0x08003de9   0xa6  Code  Gb  system_efm32tg.o [1]
SystemHFXOClock        0x20000040    0x4  Data  Lc  system_efm32tg.o [1]
SystemInit             0x08003e8f    0x2  Code  Gb  system_efm32tg.o [1]
SystemLFRCOClockGet    0x08003e91    0x6  Code  Gb  system_efm32tg.o [1]
SystemLFXOClock        0x20000044    0x4  Data  Lc  system_efm32tg.o [1]
SystemLFXOClockGet     0x08003e9d    0x6  Code  Gb  system_efm32tg.o [1]
SystemULFRCOClockGet   0x08003e97    0x6  Code  Gb  system_efm32tg.o [1]
TIMER0_IRQHandler      0x080063c5         Code  Wk  startup_efm32tg.o [1]
TIMER1_IRQHandler      0x080063e5         Code  Wk  startup_efm32tg.o [1]
TXPOWLEVELS            0x080062b0   0x10  Data  Lc  lmic.o [1]
USART0_RX_IRQHandler   0x080063c9         Code  Wk  startup_efm32tg.o [1]
USART0_TX_IRQHandler   0x080063cd         Code  Wk  startup_efm32tg.o [1]
USART1_RX_IRQHandler   0x080063e9         Code  Wk  startup_efm32tg.o [1]
USART1_TX_IRQHandler   0x080063ed         Code  Wk  startup_efm32tg.o [1]
USART_BaudrateSyncSet  0x080048b9   0x42  Code  Gb  em_usart.o [1]
USART_InitSync         0x080048fb   0x82  Code  Gb  em_usart.o [1]
USART_Reset            0x0800497d   0x54  Code  Gb  em_usart.o [1]
USART_Rx               0x080049e9    0xc  Code  Gb  em_usart.o [1]
USART_Tx               0x080049f5    0xc  Code  Gb  em_usart.o [1]
UsageFault_Handler     0x080063ad         Code  Wk  startup_efm32tg.o [1]
VCMP_IRQHandler        0x08006405         Code  Wk  startup_efm32tg.o [1]
_DR2RPS_CRC            0x08006338    0xc  Data  Gb  lmic.o [1]
__Vectors              0x08000000          --   Gb  startup_efm32tg.o [1]
__Vectors_End          0x0800009c         Data  Gb  startup_efm32tg.o [1]
__Vectors_Size {Abs}   0x0000009c          --   Gb  startup_efm32tg.o [1]
__aeabi_ldiv0          0x08003dc1         Code  Gb  I64DivZer.o [4]
__aeabi_ldivmod        0x08002f85         Code  Gb  I64DivMod.o [4]
__aeabi_memcpy         0x08003d49         Code  Gb  ABImemcpy.o [4]
__aeabi_memcpy4        0x08003d69         Code  Gb  ABImemcpy.o [4]
__aeabi_memcpy8        0x08003d69         Code  Gb  ABImemcpy.o [4]
__aeabi_memset         0x08003ce1         Code  Gb  ABImemset.o [4]
__aeabi_uldivmod       0x08002fc9         Code  Gb  I64DivMod.o [4]
__cmain                0x0800620d         Code  Gb  cmain.o [4]
__exit                 0x08006239   0x14  Code  Gb  exit.o [5]
__iar_Memset           0x08003ce1         Code  Gb  ABImemset.o [4]
__iar_Memset_word      0x08003ce9         Code  Gb  ABImemset.o [4]
__iar_copy_init3       0x08002f57   0x2e  Code  Gb  copy_init3.o [4]
__iar_data_init3       0x08006171   0x28  Code  Gb  data_init.o [4]
__iar_program_start    0x0800635d         Code  Gb  cstartup_M.o [4]
__iar_zero_init3       0x080030b7   0x22  Code  Gb  zero_init3.o [4]
__low_level_init       0x08006223    0x4  Code  Gb  low_level_init.o [3]
__vector_table         0x08000000         Data  Gb  startup_efm32tg.o [1]
__vector_table_0x1c    0x0800001c         Data  Gb  startup_efm32tg.o [1]
_call_main             0x08006219         Code  Gb  cmain.o [4]
_exit                  0x0800622d         Code  Gb  cexit.o [4]
_main                  0x0800621f         Code  Gb  cmain.o [4]
aes_appendMic          0x080001cd   0x46  Code  Lc  lmic.o [1]
aes_appendMic0         0x08000213   0x24  Code  Lc  lmic.o [1]
aes_cipher             0x08000283   0x74  Code  Lc  lmic.o [1]
aes_encrypt            0x08000267   0x1c  Code  Lc  lmic.o [1]
aes_sessKeys           0x080002f7   0x60  Code  Lc  lmic.o [1]
aes_verifyMic          0x0800017b   0x52  Code  Lc  lmic.o [1]
aes_verifyMic0         0x08000237   0x30  Code  Lc  lmic.o [1]
aesroundkeys           0x080024bd   0xc8  Code  Lc  aes.o [1]
buildDataFrame         0x080017a9  0x31c  Code  Lc  lmic.o [1]
buildJoinRequest       0x08001c0f   0x4e  Code  Lc  lmic.o [1]
calcAirTime            0x0800037f   0xfe  Code  Gb  lmic.o [1]
calcBcnRxWindowFromMillis
                       0x080004ff   0x90  Code  Lc  lmic.o [1]
calcRxWindow           0x0800047d   0x82  Code  Lc  lmic.o [1]
cmuStatus              0x200002a8    0x2  Data  Lc  em_emu.o [1]
configChannel          0x08003245   0x44  Code  Lc  radio.o [1]
configLoraModem        0x08003197   0xae  Code  Lc  radio.o [1]
configPower            0x08003289   0x30  Code  Lc  radio.o [1]
convFreq               0x08000821   0x26  Code  Lc  lmic.o [1]
debug_char             0x08003b99    0x2  Code  Gb  hal-efm32.o [1]
debug_event            0x08003c0d   0x1c  Code  Gb  hal-efm32.o [1]
debug_hex              0x08003b9b   0x20  Code  Gb  hal-efm32.o [1]
debug_init             0x08003b6b   0x1c  Code  Gb  hal-efm32.o [1]
debug_led              0x08003b87   0x12  Code  Gb  hal-efm32.o [1]
debug_str              0x08003bd7   0x16  Code  Gb  hal-efm32.o [1]
debug_uint             0x08003bbb   0x1c  Code  Gb  hal-efm32.o [1]
debug_val              0x08003bed   0x20  Code  Gb  hal-efm32.o [1]
decDR                  0x08003c6d   0x14  Code  Gb  lmic.o [1]
decodeBeacon           0x08000cf9   0xea  Code  Lc  lmic.o [1]
decodeFrame            0x08000e11  0x53a  Code  Lc  lmic.o [1]
deltaticks             0x08003ac3   0x26  Code  Lc  hal-efm32.o [1]
dndr2rps               0x08003885   0x16  Code  Gb  lmic.o [1]
engineUpdate           0x080020dd  0x2e8  Code  Lc  lmic.o [1]
exit                   0x08006227    0x4  Code  Gb  exit.o [3]
getBw                  0x08002f37    0x8  Code  Gb  radio.o [1]
getCr                  0x08002f4f    0x8  Code  Gb  radio.o [1]
getErrataFixEmuE107En  0x08004c67   0x32  Code  Lc  em_emu.o [1]
getIh                  0x08002f47    0x8  Code  Gb  radio.o [1]
getNocrc               0x08002f3f    0x8  Code  Gb  radio.o [1]
getSensitivity         0x08000357   0x28  Code  Gb  lmic.o [1]
getSf                  0x08002f31    0x6  Code  Gb  radio.o [1]
hal_checkTimer         0x08003af9   0x16  Code  Gb  hal-efm32.o [1]
hal_disableIRQs        0x08003b0f    0xe  Code  Gb  hal-efm32.o [1]
hal_enableIRQs         0x08003b1d   0x12  Code  Gb  hal-efm32.o [1]
hal_failed             0x08003b5f    0xc  Code  Gb  hal-efm32.o [1]
hal_init               0x08003b39   0x26  Code  Gb  hal-efm32.o [1]
hal_io_init            0x0800393b   0x78  Code  Lc  hal-efm32.o [1]
hal_pin_nss            0x080039c9   0x12  Code  Gb  hal-efm32.o [1]
hal_pin_rst            0x080039db    0x2  Code  Gb  hal-efm32.o [1]
hal_pin_rxtx           0x080039b3   0x16  Code  Gb  hal-efm32.o [1]
hal_sleep              0x08003b2f    0xa  Code  Gb  hal-efm32.o [1]
hal_spi                0x08003a61   0x16  Code  Gb  hal-efm32.o [1]
hal_spi_init           0x080039dd   0x84  Code  Lc  hal-efm32.o [1]
hal_ticks              0x08003aa9   0x1a  Code  Gb  hal-efm32.o [1]
hal_time_init          0x08003a91   0x18  Code  Lc  hal-efm32.o [1]
hal_waitUntil          0x08003ae9   0x10  Code  Gb  hal-efm32.o [1]
iniChannelFreq         0x08006118   0x30  Data  Lc  lmic.o [1]
initDefaultChannels    0x08000775   0xac  Code  Lc  lmic.o [1]
initJoinLoop           0x08000b39   0x44  Code  Lc  lmic.o [1]
initfunc               0x08002ea1    0xe  Code  Lc  main.o [1]
isFasterDR             0x08003873   0x12  Code  Gb  lmic.o [1]
isSlowerDR             0x08003861   0x12  Code  Gb  lmic.o [1]
jreqDone               0x0800170b   0x12  Code  Lc  lmic.o [1]
lowerDR                0x08003c9d   0x22  Code  Gb  lmic.o [1]
main                   0x08002eaf   0x14  Code  Gb  main.o [1]
mapChannels            0x080008b7   0x52  Code  Lc  lmic.o [1]
memcpy                 0x080024a7   0x16  Code  Gb  main.o [1]
memset                 0x08002491   0x16  Code  Gb  oslmic.o [1]
micB0                  0x08000131   0x4a  Code  Lc  lmic.o [1]
nextJoinState          0x08000b7d   0xc2  Code  Lc  lmic.o [1]
nextTx                 0x080009a5  0x158  Code  Lc  lmic.o [1]
onBcnRx                0x08001ac9   0x92  Code  Lc  lmic.o [1]
onEvent                0x08002ec3   0x52  Code  Gb  main.o [1]
onJoinFailed           0x080014c1    0xc  Code  Lc  lmic.o [1]
opmode                 0x0800315b   0x1c  Code  Lc  radio.o [1]
opmodeFSK              0x08003187   0x10  Code  Lc  radio.o [1]
opmodeLora             0x08003177   0x10  Code  Lc  radio.o [1]
os_aes                 0x08002585  0x8ca  Code  Gb  aes.o [1]
os_clearCallback       0x08003769   0x2e  Code  Gb  oslmic.o [1]
os_crc16               0x08000103   0x2e  Code  Gb  lmic.o [1]
os_getArtEui           0x08002e71   0x10  Code  Gb  main.o [1]
os_getBattLevel        0x080000ff    0x4  Code  Gb  lmic.o [1]
os_getDevEui           0x08002e81   0x10  Code  Gb  main.o [1]
os_getDevKey           0x08002e91   0x10  Code  Gb  main.o [1]
os_getTime             0x08003743    0x8  Code  Gb  oslmic.o [1]
os_init                0x08003729   0x1a  Code  Gb  oslmic.o [1]
os_radio               0x080036ed   0x3c  Code  Gb  radio.o [1]
os_rlsbf2              0x0800009d    0xc  Code  Gb  lmic.o [1]
os_rlsbf4              0x080000a9   0x16  Code  Gb  lmic.o [1]
os_rmsbf4              0x080000bf   0x16  Code  Gb  lmic.o [1]
os_runloop             0x08003801   0x56  Code  Gb  oslmic.o [1]
os_setCallback         0x08003797   0x2c  Code  Gb  oslmic.o [1]
os_setTimedCallback    0x080037c3   0x3e  Code  Gb  oslmic.o [1]
os_wlsbf2              0x080000d5    0xa  Code  Gb  lmic.o [1]
os_wlsbf4              0x080000df   0x10  Code  Gb  lmic.o [1]
os_wmsbf4              0x080000ef   0x10  Code  Gb  lmic.o [1]
processBeacon          0x08001ed5  0x1b8  Code  Lc  lmic.o [1]
processDnData          0x08001d11  0x1b6  Code  Lc  lmic.o [1]
processJoinAccept      0x080014cd  0x20c  Code  Lc  lmic.o [1]
processPingRx          0x08001cdd   0x30  Code  Lc  lmic.o [1]
processRx1DnData       0x08001751   0x26  Code  Lc  lmic.o [1]
processRx1Jacc         0x080016dd   0x20  Code  Lc  lmic.o [1]
processRx2DnData       0x0800171d   0x20  Code  Lc  lmic.o [1]
radio_init             0x080035fd   0xa6  Code  Gb  radio.o [1]
radio_rand1            0x080036a3   0x34  Code  Gb  radio.o [1]
randbuf                0x2000027c   0x10  Data  Lc  radio.o [1]
readReg                0x080030ff   0x26  Code  Lc  radio.o [1]
reportEvent            0x08000c49   0x12  Code  Lc  lmic.o [1]
rndDelay               0x080006a7   0x4c  Code  Lc  lmic.o [1]
rtcCb                  0x2000029c    0x4  Data  Lc  rtcdrv.o [1]
rtcFreq                0x200002a0    0x4  Data  Lc  rtcdrv.o [1]
rtcInitialized         0x200002aa    0x1  Data  Lc  rtcdrv.o [1]
runEngineUpdate        0x08000c3f    0xa  Code  Lc  lmic.o [1]
rxfsk                  0x08003501   0xc8  Code  Lc  radio.o [1]
rxlora                 0x0800344d   0xb4  Code  Lc  radio.o [1]
rxlorairqmask          0x08006398    0x4  Data  Lc  radio.o [1]
rxschedInit            0x0800058f   0xac  Code  Lc  lmic.o [1]
rxschedNext            0x0800063b   0x6c  Code  Lc  lmic.o [1]
schedRx2               0x08001389   0x40  Code  Lc  lmic.o [1]
setBcnRxParams         0x08000afd   0x3c  Code  Lc  lmic.o [1]
setCr                  0x08003cd1   0x10  Code  Gb  lmic.o [1]
setDrJoin              0x08000739    0xa  Code  Lc  lmic.o [1]
setDrTxpow             0x08000743   0x32  Code  Lc  lmic.o [1]
setIh                  0x080038a9    0xa  Code  Gb  lmic.o [1]
setNocrc               0x0800389b    0xe  Code  Gb  lmic.o [1]
setpin                 0x08003915   0x26  Code  Lc  hal-efm32.o [1]
setupChannel           0x08000847   0x70  Code  Lc  lmic.o [1]
setupRx1               0x080013c9   0x38  Code  Lc  lmic.o [1]
setupRx1DnData         0x08001777    0xe  Code  Lc  lmic.o [1]
setupRx1Jacc           0x080016fd    0xe  Code  Lc  lmic.o [1]
setupRx2               0x0800134b   0x3e  Code  Lc  lmic.o [1]
setupRx2DnData         0x0800173d   0x14  Code  Lc  lmic.o [1]
startJoining           0x08001c5d    0xc  Code  Lc  lmic.o [1]
startRxBcn             0x08002091   0x16  Code  Lc  lmic.o [1]
startRxPing            0x080020ad   0x16  Code  Lc  lmic.o [1]
startScan              0x08001b5b   0x7c  Code  Lc  lmic.o [1]
startrx                0x080035c9   0x34  Code  Lc  radio.o [1]
starttx                0x08003421   0x2c  Code  Lc  radio.o [1]
stateJustJoined        0x08000c5b   0x92  Code  Lc  lmic.o [1]
txDelay                0x080006f3   0x46  Code  Lc  lmic.o [1]
txDone                 0x08001405   0x9e  Code  Lc  lmic.o [1]
txfsk                  0x080032b9   0xce  Code  Lc  radio.o [1]
txlora                 0x08003387   0x9a  Code  Lc  radio.o [1]
unlinkjob              0x0800374b   0x1e  Code  Lc  oslmic.o [1]
updataDone             0x08001785   0x12  Code  Lc  lmic.o [1]
updateTx               0x08000909   0x9c  Code  Lc  lmic.o [1]
updr2rps               0x08003cc1   0x10  Code  Gb  lmic.o [1]
validDR                0x08003c81   0x1c  Code  Gb  lmic.o [1]
writeBuf               0x08003125   0x36  Code  Lc  radio.o [1]
writeReg               0x080030d9   0x26  Code  Lc  radio.o [1]


[1] = C:\Users\Administrador\Documents\GitHub\lmic\examples EFM32\beacon\Debug\Obj
[2] = command line
[3] = dl7M_tln.a
[4] = rt7M_tl.a
[5] = shb_l.a

  20 196 bytes of readonly  code memory
   5 496 bytes of readonly  data memory
   2 731 bytes of readwrite data memory

Errors: none
Warnings: none
